Mon 09 Feb 2026 12:58:44 INFO  ['/home/bari/Evaluate-CARS/src/pipelines/bgg_pipeline.py']
Mon 09 Feb 2026 12:58:44 INFO  
General Hyper Parameters:
gpu_id = 0
use_gpu = True
seed = 42
state = INFO
reproducibility = True
data_path = datasets/bgg/recbole/boardgamegeek
checkpoint_dir = outputs/bgg/fm
show_progress = True
save_dataset = False
dataset_save_path = None
save_dataloaders = False
dataloaders_save_path = None
log_wandb = False

Training Hyper Parameters:
epochs = 50
train_batch_size = 2048
learner = adam
learning_rate = 0.001
train_neg_sample_args = {'distribution': 'none', 'sample_num': 'none', 'alpha': 'none', 'dynamic': False, 'candidate_num': 0}
eval_step = 1
stopping_step = 10
clip_grad_norm = None
weight_decay = 0.0
loss_decimal_place = 4

Evaluation Hyper Parameters:
eval_args = {'split': {'RS': [1.0, 0.0, 0.0]}, 'order': 'RO', 'group_by': 'user', 'mode': {'valid': 'labeled', 'test': 'labeled'}}
repeatable = False
metrics = ['AUC', 'LogLoss']
topk = [10]
valid_metric = AUC
valid_metric_bigger = True
eval_batch_size = 4096
metric_decimal_place = 4

Dataset Hyper Parameters:
field_separator = 	
seq_separator =  
USER_ID_FIELD = user_id
ITEM_ID_FIELD = item_id
RATING_FIELD = rating
TIME_FIELD = timestamp
seq_len = None
LABEL_FIELD = label
threshold = None
NEG_PREFIX = neg_
load_col = {'inter': ['user_id', 'item_id', 'label', 'playing_time', 'gaming_mood', 'social_companion']}
unload_col = None
unused_col = None
additional_feat_suffix = None
rm_dup_inter = None
val_interval = None
filter_inter_by_user_or_item = True
user_inter_num_interval = [0,inf)
item_inter_num_interval = [0,inf)
alias_of_user_id = None
alias_of_item_id = None
alias_of_entity_id = None
alias_of_relation_id = None
preload_weight = None
normalize_field = None
normalize_all = None
ITEM_LIST_LENGTH_FIELD = item_length
LIST_SUFFIX = _list
MAX_ITEM_LIST_LENGTH = 50
POSITION_FIELD = position_id
HEAD_ENTITY_ID_FIELD = head_id
TAIL_ENTITY_ID_FIELD = tail_id
RELATION_ID_FIELD = relation_id
ENTITY_ID_FIELD = entity_id
benchmark_filename = ['train', 'valid', 'test']

Other Hyper Parameters: 
worker = 0
wandb_project = recbole
shuffle = True
require_pow = False
enable_amp = False
enable_scaler = False
transform = None
embedding_size = 64
numerical_features = []
discretization = None
kg_reverse_r = False
entity_kg_num_interval = [0,inf)
relation_kg_num_interval = [0,inf)
MODEL_TYPE = ModelType.CONTEXT
reg_weight = 0.0001
device = cuda
MODEL_INPUT_TYPE = InputType.POINTWISE
eval_type = EvaluatorType.VALUE
single_spec = True
local_rank = 0
valid_neg_sample_args = {'distribution': 'none', 'sample_num': 'none'}
test_neg_sample_args = {'distribution': 'none', 'sample_num': 'none'}


Mon 09 Feb 2026 12:58:50 INFO  boardgamegeek
The number of users: 43661
Average actions of users: 33.27457627118644
The number of items: 902
Average actions of items: 1612.395116537181
The number of inters: 1452768
The sparsity of the dataset: 96.31110707770628%
Remain Fields: ['user_id', 'item_id', 'label', 'playing_time', 'gaming_mood', 'social_companion']
Mon 09 Feb 2026 12:58:51 INFO  [Training]: train_batch_size = [2048] train_neg_sample_args: [{'distribution': 'none', 'sample_num': 'none', 'alpha': 'none', 'dynamic': False, 'candidate_num': 0}]
Mon 09 Feb 2026 12:58:51 INFO  [Evaluation]: eval_batch_size = [4096] eval_args: [{'split': {'RS': [1.0, 0.0, 0.0]}, 'order': 'RO', 'group_by': 'user', 'mode': {'valid': 'labeled', 'test': 'labeled'}}]
Mon 09 Feb 2026 12:58:51 INFO  FM(
  (token_embedding_table): FMEmbedding(
    (embedding): Embedding(44587, 64)
  )
  (first_order_linear): FMFirstOrderLinear(
    (token_embedding_table): FMEmbedding(
      (embedding): Embedding(44587, 1)
    )
  )
  (fm): BaseFactorizationMachine()
  (sigmoid): Sigmoid()
  (loss): BCEWithLogitsLoss()
)
Trainable parameters: 2898156
Mon 09 Feb 2026 12:58:51 INFO  FLOPs: 325.0
Mon 09 Feb 2026 12:58:55 INFO  epoch 0 training [time: 3.58s, train loss: 220.5352]
Mon 09 Feb 2026 12:58:56 INFO  epoch 0 evaluating [time: 0.51s, valid_score: 0.763600]
Mon 09 Feb 2026 12:58:56 INFO  valid result: 
auc : 0.7636    logloss : 0.3988
Mon 09 Feb 2026 12:58:56 INFO  Saving current: outputs/bgg/fm/FM-Feb-09-2026_12-58-51.pth
Mon 09 Feb 2026 12:58:59 INFO  epoch 1 training [time: 2.92s, train loss: 190.5703]
Mon 09 Feb 2026 12:58:59 INFO  epoch 1 evaluating [time: 0.51s, valid_score: 0.777500]
Mon 09 Feb 2026 12:58:59 INFO  valid result: 
auc : 0.7775    logloss : 0.3908
Mon 09 Feb 2026 12:58:59 INFO  Saving current: outputs/bgg/fm/FM-Feb-09-2026_12-58-51.pth
Mon 09 Feb 2026 12:59:02 INFO  epoch 2 training [time: 2.94s, train loss: 179.1329]
Mon 09 Feb 2026 12:59:03 INFO  epoch 2 evaluating [time: 0.51s, valid_score: 0.777400]
Mon 09 Feb 2026 12:59:03 INFO  valid result: 
auc : 0.7774    logloss : 0.3956
Mon 09 Feb 2026 12:59:05 INFO  epoch 3 training [time: 2.88s, train loss: 170.0387]
Mon 09 Feb 2026 12:59:06 INFO  epoch 3 evaluating [time: 0.39s, valid_score: 0.773300]
Mon 09 Feb 2026 12:59:06 INFO  valid result: 
auc : 0.7733    logloss : 0.4044
Mon 09 Feb 2026 12:59:09 INFO  epoch 4 training [time: 2.83s, train loss: 161.6085]
Mon 09 Feb 2026 12:59:09 INFO  epoch 4 evaluating [time: 0.39s, valid_score: 0.769800]
Mon 09 Feb 2026 12:59:09 INFO  valid result: 
auc : 0.7698    logloss : 0.4155
Mon 09 Feb 2026 12:59:12 INFO  epoch 5 training [time: 2.87s, train loss: 153.6371]
Mon 09 Feb 2026 12:59:12 INFO  epoch 5 evaluating [time: 0.39s, valid_score: 0.765200]
Mon 09 Feb 2026 12:59:12 INFO  valid result: 
auc : 0.7652    logloss : 0.4279
Mon 09 Feb 2026 12:59:15 INFO  epoch 6 training [time: 2.95s, train loss: 145.7564]
Mon 09 Feb 2026 12:59:16 INFO  epoch 6 evaluating [time: 0.39s, valid_score: 0.761500]
Mon 09 Feb 2026 12:59:16 INFO  valid result: 
auc : 0.7615    logloss : 0.4404
Mon 09 Feb 2026 12:59:19 INFO  epoch 7 training [time: 2.86s, train loss: 137.7945]
Mon 09 Feb 2026 12:59:19 INFO  epoch 7 evaluating [time: 0.39s, valid_score: 0.756400]
Mon 09 Feb 2026 12:59:19 INFO  valid result: 
auc : 0.7564    logloss : 0.4589
Mon 09 Feb 2026 12:59:22 INFO  epoch 8 training [time: 2.94s, train loss: 129.9394]
Mon 09 Feb 2026 12:59:22 INFO  epoch 8 evaluating [time: 0.39s, valid_score: 0.753000]
Mon 09 Feb 2026 12:59:22 INFO  valid result: 
auc : 0.753    logloss : 0.4753
Mon 09 Feb 2026 12:59:25 INFO  epoch 9 training [time: 2.84s, train loss: 122.4454]
Mon 09 Feb 2026 12:59:26 INFO  epoch 9 evaluating [time: 0.39s, valid_score: 0.749900]
Mon 09 Feb 2026 12:59:26 INFO  valid result: 
auc : 0.7499    logloss : 0.4967
Mon 09 Feb 2026 12:59:28 INFO  epoch 10 training [time: 2.97s, train loss: 115.5177]
Mon 09 Feb 2026 12:59:29 INFO  epoch 10 evaluating [time: 0.46s, valid_score: 0.746700]
Mon 09 Feb 2026 12:59:29 INFO  valid result: 
auc : 0.7467    logloss : 0.5162
Mon 09 Feb 2026 12:59:32 INFO  epoch 11 training [time: 3.06s, train loss: 109.2746]
Mon 09 Feb 2026 12:59:32 INFO  epoch 11 evaluating [time: 0.41s, valid_score: 0.743600]
Mon 09 Feb 2026 12:59:32 INFO  valid result: 
auc : 0.7436    logloss : 0.5378
Mon 09 Feb 2026 12:59:35 INFO  epoch 12 training [time: 3.01s, train loss: 103.5176]
Mon 09 Feb 2026 12:59:36 INFO  epoch 12 evaluating [time: 0.41s, valid_score: 0.741700]
Mon 09 Feb 2026 12:59:36 INFO  valid result: 
auc : 0.7417    logloss : 0.559
Mon 09 Feb 2026 12:59:36 INFO  Finished training, best eval result in epoch 1
Mon 09 Feb 2026 12:59:36 INFO  Loading model structure and parameters from outputs/bgg/fm/FM-Feb-09-2026_12-58-51.pth
Mon 09 Feb 2026 12:59:37 INFO  The running environment of this training is as follows:
+-------------+------------------+
| Environment |      Usage       |
+=============+==================+
| CPU         |      0.00 %      |
+-------------+------------------+
| GPU         |  0.11 G/23.56 G  |
+-------------+------------------+
| Memory      | 1.73 G/1006.54 G |
+-------------+------------------+
Mon 09 Feb 2026 12:59:37 INFO  best valid : OrderedDict([('auc', 0.7775), ('logloss', 0.3908)])
Mon 09 Feb 2026 12:59:37 INFO  test result: OrderedDict([('auc', 0.7762), ('logloss', 0.523)])
Mon 09 Feb 2026 12:59:37 INFO  ['/home/bari/Evaluate-CARS/src/pipelines/bgg_pipeline.py']
Mon 09 Feb 2026 12:59:37 INFO  
General Hyper Parameters:
gpu_id = 0
use_gpu = True
seed = 42
state = INFO
reproducibility = True
data_path = datasets/bgg/recbole/boardgamegeek
checkpoint_dir = outputs/bgg/afm
show_progress = True
save_dataset = False
dataset_save_path = None
save_dataloaders = False
dataloaders_save_path = None
log_wandb = False

Training Hyper Parameters:
epochs = 100
train_batch_size = 4096
learner = adam
learning_rate = 0.0005
train_neg_sample_args = {'distribution': 'none', 'sample_num': 'none', 'alpha': 'none', 'dynamic': False, 'candidate_num': 0}
eval_step = 1
stopping_step = 15
clip_grad_norm = None
weight_decay = 0.0
loss_decimal_place = 4

Evaluation Hyper Parameters:
eval_args = {'split': {'RS': [1.0, 0.0, 0.0]}, 'order': 'RO', 'group_by': 'user', 'mode': {'valid': 'labeled', 'test': 'labeled'}}
repeatable = False
metrics = ['AUC', 'LogLoss']
topk = [10]
valid_metric = AUC
valid_metric_bigger = True
eval_batch_size = 4096
metric_decimal_place = 4

Dataset Hyper Parameters:
field_separator = 	
seq_separator =  
USER_ID_FIELD = user_id
ITEM_ID_FIELD = item_id
RATING_FIELD = rating
TIME_FIELD = timestamp
seq_len = None
LABEL_FIELD = label
threshold = None
NEG_PREFIX = neg_
load_col = {'inter': ['user_id', 'item_id', 'label', 'playing_time', 'gaming_mood', 'social_companion']}
unload_col = None
unused_col = None
additional_feat_suffix = None
rm_dup_inter = None
val_interval = None
filter_inter_by_user_or_item = True
user_inter_num_interval = [0,inf)
item_inter_num_interval = [0,inf)
alias_of_user_id = None
alias_of_item_id = None
alias_of_entity_id = None
alias_of_relation_id = None
preload_weight = None
normalize_field = None
normalize_all = None
ITEM_LIST_LENGTH_FIELD = item_length
LIST_SUFFIX = _list
MAX_ITEM_LIST_LENGTH = 50
POSITION_FIELD = position_id
HEAD_ENTITY_ID_FIELD = head_id
TAIL_ENTITY_ID_FIELD = tail_id
RELATION_ID_FIELD = relation_id
ENTITY_ID_FIELD = entity_id
benchmark_filename = ['train', 'valid', 'test']

Other Hyper Parameters: 
worker = 0
wandb_project = recbole
shuffle = True
require_pow = False
enable_amp = False
enable_scaler = False
transform = None
embedding_size = 128
attention_size = 128
dropout_prob = 0.05
reg_weight = 1e-05
numerical_features = []
discretization = None
kg_reverse_r = False
entity_kg_num_interval = [0,inf)
relation_kg_num_interval = [0,inf)
MODEL_TYPE = ModelType.CONTEXT
device = cuda
MODEL_INPUT_TYPE = InputType.POINTWISE
eval_type = EvaluatorType.VALUE
single_spec = True
local_rank = 0
valid_neg_sample_args = {'distribution': 'none', 'sample_num': 'none'}
test_neg_sample_args = {'distribution': 'none', 'sample_num': 'none'}


Mon 09 Feb 2026 12:59:44 INFO  boardgamegeek
The number of users: 43661
Average actions of users: 33.27457627118644
The number of items: 902
Average actions of items: 1612.395116537181
The number of inters: 1452768
The sparsity of the dataset: 96.31110707770628%
Remain Fields: ['user_id', 'item_id', 'label', 'playing_time', 'gaming_mood', 'social_companion']
Mon 09 Feb 2026 12:59:44 INFO  [Training]: train_batch_size = [4096] train_neg_sample_args: [{'distribution': 'none', 'sample_num': 'none', 'alpha': 'none', 'dynamic': False, 'candidate_num': 0}]
Mon 09 Feb 2026 12:59:44 INFO  [Evaluation]: eval_batch_size = [4096] eval_args: [{'split': {'RS': [1.0, 0.0, 0.0]}, 'order': 'RO', 'group_by': 'user', 'mode': {'valid': 'labeled', 'test': 'labeled'}}]
Mon 09 Feb 2026 12:59:44 INFO  AFM(
  (token_embedding_table): FMEmbedding(
    (embedding): Embedding(44587, 128)
  )
  (first_order_linear): FMFirstOrderLinear(
    (token_embedding_table): FMEmbedding(
      (embedding): Embedding(44587, 1)
    )
  )
  (attlayer): AttLayer(
    (w): Linear(in_features=128, out_features=128, bias=False)
  )
  (dropout_layer): Dropout(p=0.05, inplace=False)
  (sigmoid): Sigmoid()
  (loss): BCEWithLogitsLoss()
)
Trainable parameters: 5768364
Mon 09 Feb 2026 12:59:44 INFO  FLOPs: 164485.0
Mon 09 Feb 2026 12:59:47 INFO  epoch 0 training [time: 2.60s, train loss: 130.6888]
Mon 09 Feb 2026 12:59:47 INFO  epoch 0 evaluating [time: 0.42s, valid_score: 0.649900]
Mon 09 Feb 2026 12:59:47 INFO  valid result: 
auc : 0.6499    logloss : 0.4598
Mon 09 Feb 2026 12:59:47 INFO  Saving current: outputs/bgg/afm/AFM-Feb-09-2026_12-59-44.pth
Mon 09 Feb 2026 12:59:50 INFO  epoch 1 training [time: 2.74s, train loss: 104.9300]
Mon 09 Feb 2026 12:59:51 INFO  epoch 1 evaluating [time: 0.49s, valid_score: 0.750400]
Mon 09 Feb 2026 12:59:51 INFO  valid result: 
auc : 0.7504    logloss : 0.4141
Mon 09 Feb 2026 12:59:51 INFO  Saving current: outputs/bgg/afm/AFM-Feb-09-2026_12-59-44.pth
Mon 09 Feb 2026 12:59:53 INFO  epoch 2 training [time: 2.13s, train loss: 94.9968]
Mon 09 Feb 2026 12:59:53 INFO  epoch 2 evaluating [time: 0.40s, valid_score: 0.759800]
Mon 09 Feb 2026 12:59:53 INFO  valid result: 
auc : 0.7598    logloss : 0.4089
Mon 09 Feb 2026 12:59:54 INFO  Saving current: outputs/bgg/afm/AFM-Feb-09-2026_12-59-44.pth
Mon 09 Feb 2026 12:59:56 INFO  epoch 3 training [time: 2.10s, train loss: 89.0787]
Mon 09 Feb 2026 12:59:56 INFO  epoch 3 evaluating [time: 0.41s, valid_score: 0.762200]
Mon 09 Feb 2026 12:59:56 INFO  valid result: 
auc : 0.7622    logloss : 0.4131
Mon 09 Feb 2026 12:59:57 INFO  Saving current: outputs/bgg/afm/AFM-Feb-09-2026_12-59-44.pth
Mon 09 Feb 2026 12:59:59 INFO  epoch 4 training [time: 2.09s, train loss: 82.0865]
Mon 09 Feb 2026 12:59:59 INFO  epoch 4 evaluating [time: 0.41s, valid_score: 0.760200]
Mon 09 Feb 2026 12:59:59 INFO  valid result: 
auc : 0.7602    logloss : 0.4243
Mon 09 Feb 2026 13:00:01 INFO  epoch 5 training [time: 2.04s, train loss: 75.0708]
Mon 09 Feb 2026 13:00:02 INFO  epoch 5 evaluating [time: 0.40s, valid_score: 0.754800]
Mon 09 Feb 2026 13:00:02 INFO  valid result: 
auc : 0.7548    logloss : 0.4407
Mon 09 Feb 2026 13:00:04 INFO  epoch 6 training [time: 2.06s, train loss: 68.7892]
Mon 09 Feb 2026 13:00:04 INFO  epoch 6 evaluating [time: 0.40s, valid_score: 0.750500]
Mon 09 Feb 2026 13:00:04 INFO  valid result: 
auc : 0.7505    logloss : 0.4617
Mon 09 Feb 2026 13:00:06 INFO  epoch 7 training [time: 2.13s, train loss: 63.3722]
Mon 09 Feb 2026 13:00:07 INFO  epoch 7 evaluating [time: 0.41s, valid_score: 0.744900]
Mon 09 Feb 2026 13:00:07 INFO  valid result: 
auc : 0.7449    logloss : 0.4877
Mon 09 Feb 2026 13:00:09 INFO  epoch 8 training [time: 2.46s, train loss: 58.6525]
Mon 09 Feb 2026 13:00:10 INFO  epoch 8 evaluating [time: 0.52s, valid_score: 0.741800]
Mon 09 Feb 2026 13:00:10 INFO  valid result: 
auc : 0.7418    logloss : 0.5118
Mon 09 Feb 2026 13:00:12 INFO  epoch 9 training [time: 2.52s, train loss: 54.5680]
Mon 09 Feb 2026 13:00:13 INFO  epoch 9 evaluating [time: 0.52s, valid_score: 0.736900]
Mon 09 Feb 2026 13:00:13 INFO  valid result: 
auc : 0.7369    logloss : 0.5385
Mon 09 Feb 2026 13:00:15 INFO  epoch 10 training [time: 2.59s, train loss: 50.9325]
Mon 09 Feb 2026 13:00:16 INFO  epoch 10 evaluating [time: 0.52s, valid_score: 0.733000]
Mon 09 Feb 2026 13:00:16 INFO  valid result: 
auc : 0.733    logloss : 0.5649
Mon 09 Feb 2026 13:00:18 INFO  epoch 11 training [time: 2.42s, train loss: 47.7088]
Mon 09 Feb 2026 13:00:19 INFO  epoch 11 evaluating [time: 0.52s, valid_score: 0.728900]
Mon 09 Feb 2026 13:00:19 INFO  valid result: 
auc : 0.7289    logloss : 0.5887
Mon 09 Feb 2026 13:00:21 INFO  epoch 12 training [time: 2.42s, train loss: 44.8968]
Mon 09 Feb 2026 13:00:22 INFO  epoch 12 evaluating [time: 0.53s, valid_score: 0.724100]
Mon 09 Feb 2026 13:00:22 INFO  valid result: 
auc : 0.7241    logloss : 0.6197
Mon 09 Feb 2026 13:00:24 INFO  epoch 13 training [time: 2.42s, train loss: 42.3906]
Mon 09 Feb 2026 13:00:25 INFO  epoch 13 evaluating [time: 0.52s, valid_score: 0.724600]
Mon 09 Feb 2026 13:00:25 INFO  valid result: 
auc : 0.7246    logloss : 0.6362
Mon 09 Feb 2026 13:00:27 INFO  epoch 14 training [time: 2.41s, train loss: 40.1519]
Mon 09 Feb 2026 13:00:27 INFO  epoch 14 evaluating [time: 0.52s, valid_score: 0.720300]
Mon 09 Feb 2026 13:00:27 INFO  valid result: 
auc : 0.7203    logloss : 0.6623
Mon 09 Feb 2026 13:00:30 INFO  epoch 15 training [time: 2.35s, train loss: 38.1491]
Mon 09 Feb 2026 13:00:30 INFO  epoch 15 evaluating [time: 0.55s, valid_score: 0.716600]
Mon 09 Feb 2026 13:00:30 INFO  valid result: 
auc : 0.7166    logloss : 0.6912
Mon 09 Feb 2026 13:00:33 INFO  epoch 16 training [time: 2.48s, train loss: 36.3186]
Mon 09 Feb 2026 13:00:33 INFO  epoch 16 evaluating [time: 0.41s, valid_score: 0.713900]
Mon 09 Feb 2026 13:00:33 INFO  valid result: 
auc : 0.7139    logloss : 0.712
Mon 09 Feb 2026 13:00:36 INFO  epoch 17 training [time: 2.35s, train loss: 34.6265]
Mon 09 Feb 2026 13:00:36 INFO  epoch 17 evaluating [time: 0.40s, valid_score: 0.710500]
Mon 09 Feb 2026 13:00:36 INFO  valid result: 
auc : 0.7105    logloss : 0.7442
Mon 09 Feb 2026 13:00:39 INFO  epoch 18 training [time: 2.51s, train loss: 33.2112]
Mon 09 Feb 2026 13:00:39 INFO  epoch 18 evaluating [time: 0.39s, valid_score: 0.710100]
Mon 09 Feb 2026 13:00:39 INFO  valid result: 
auc : 0.7101    logloss : 0.758
Mon 09 Feb 2026 13:00:41 INFO  epoch 19 training [time: 2.20s, train loss: 31.8212]
Mon 09 Feb 2026 13:00:42 INFO  epoch 19 evaluating [time: 0.39s, valid_score: 0.708900]
Mon 09 Feb 2026 13:00:42 INFO  valid result: 
auc : 0.7089    logloss : 0.7783
Mon 09 Feb 2026 13:00:42 INFO  Finished training, best eval result in epoch 3
Mon 09 Feb 2026 13:00:42 INFO  Loading model structure and parameters from outputs/bgg/afm/AFM-Feb-09-2026_12-59-44.pth
Mon 09 Feb 2026 13:00:43 INFO  The running environment of this training is as follows:
+-------------+------------------+
| Environment |      Usage       |
+=============+==================+
| CPU         |      0.90 %      |
+-------------+------------------+
| GPU         |  0.39 G/23.56 G  |
+-------------+------------------+
| Memory      | 1.94 G/1006.54 G |
+-------------+------------------+
Mon 09 Feb 2026 13:00:43 INFO  best valid : OrderedDict([('auc', 0.7622), ('logloss', 0.4131)])
Mon 09 Feb 2026 13:00:43 INFO  test result: OrderedDict([('auc', 0.7606), ('logloss', 0.5492)])
Mon 09 Feb 2026 13:00:43 INFO  ['/home/bari/Evaluate-CARS/src/pipelines/bgg_pipeline.py']
Mon 09 Feb 2026 13:00:43 INFO  
General Hyper Parameters:
gpu_id = 0
use_gpu = True
seed = 42
state = INFO
reproducibility = True
data_path = datasets/bgg/recbole/boardgamegeek
checkpoint_dir = outputs/bgg/ffm
show_progress = True
save_dataset = False
dataset_save_path = None
save_dataloaders = False
dataloaders_save_path = None
log_wandb = False

Training Hyper Parameters:
epochs = 50
train_batch_size = 2048
learner = adam
learning_rate = 0.001
train_neg_sample_args = {'distribution': 'none', 'sample_num': 'none', 'alpha': 'none', 'dynamic': False, 'candidate_num': 0}
eval_step = 1
stopping_step = 10
clip_grad_norm = None
weight_decay = 0.0
loss_decimal_place = 4

Evaluation Hyper Parameters:
eval_args = {'split': {'RS': [1.0, 0.0, 0.0]}, 'order': 'RO', 'group_by': 'user', 'mode': {'valid': 'labeled', 'test': 'labeled'}}
repeatable = False
metrics = ['AUC', 'LogLoss']
topk = [10]
valid_metric = AUC
valid_metric_bigger = True
eval_batch_size = 4096
metric_decimal_place = 4

Dataset Hyper Parameters:
field_separator = 	
seq_separator =  
USER_ID_FIELD = user_id
ITEM_ID_FIELD = item_id
RATING_FIELD = rating
TIME_FIELD = timestamp
seq_len = None
LABEL_FIELD = label
threshold = None
NEG_PREFIX = neg_
load_col = {'inter': ['user_id', 'item_id', 'label', 'playing_time', 'gaming_mood', 'social_companion']}
unload_col = None
unused_col = None
additional_feat_suffix = None
rm_dup_inter = None
val_interval = None
filter_inter_by_user_or_item = True
user_inter_num_interval = [0,inf)
item_inter_num_interval = [0,inf)
alias_of_user_id = None
alias_of_item_id = None
alias_of_entity_id = None
alias_of_relation_id = None
preload_weight = None
normalize_field = None
normalize_all = None
ITEM_LIST_LENGTH_FIELD = item_length
LIST_SUFFIX = _list
MAX_ITEM_LIST_LENGTH = 50
POSITION_FIELD = position_id
HEAD_ENTITY_ID_FIELD = head_id
TAIL_ENTITY_ID_FIELD = tail_id
RELATION_ID_FIELD = relation_id
ENTITY_ID_FIELD = entity_id
benchmark_filename = ['train', 'valid', 'test']

Other Hyper Parameters: 
worker = 0
wandb_project = recbole
shuffle = True
require_pow = False
enable_amp = False
enable_scaler = False
transform = None
embedding_size = 64
fields = None
numerical_features = []
discretization = None
kg_reverse_r = False
entity_kg_num_interval = [0,inf)
relation_kg_num_interval = [0,inf)
MODEL_TYPE = ModelType.CONTEXT
reg_weight = 0.0001
device = cuda
MODEL_INPUT_TYPE = InputType.POINTWISE
eval_type = EvaluatorType.VALUE
single_spec = True
local_rank = 0
valid_neg_sample_args = {'distribution': 'none', 'sample_num': 'none'}
test_neg_sample_args = {'distribution': 'none', 'sample_num': 'none'}


Mon 09 Feb 2026 13:00:51 INFO  boardgamegeek
The number of users: 43661
Average actions of users: 33.27457627118644
The number of items: 902
Average actions of items: 1612.395116537181
The number of inters: 1452768
The sparsity of the dataset: 96.31110707770628%
Remain Fields: ['user_id', 'item_id', 'label', 'playing_time', 'gaming_mood', 'social_companion']
Mon 09 Feb 2026 13:00:51 INFO  [Training]: train_batch_size = [2048] train_neg_sample_args: [{'distribution': 'none', 'sample_num': 'none', 'alpha': 'none', 'dynamic': False, 'candidate_num': 0}]
Mon 09 Feb 2026 13:00:51 INFO  [Evaluation]: eval_batch_size = [4096] eval_args: [{'split': {'RS': [1.0, 0.0, 0.0]}, 'order': 'RO', 'group_by': 'user', 'mode': {'valid': 'labeled', 'test': 'labeled'}}]
Mon 09 Feb 2026 13:00:52 INFO  FFM(
  (token_embedding_table): FMEmbedding(
    (embedding): Embedding(44587, 64)
  )
  (first_order_linear): FMFirstOrderLinear(
    (token_embedding_table): FMEmbedding(
      (embedding): Embedding(44587, 1)
    )
  )
  (sigmoid): Sigmoid()
  (ffm): FieldAwareFactorizationMachine(
    (token_embeddings): ModuleList(
      (0-4): 5 x Embedding(44587, 64)
    )
  )
  (loss): BCEWithLogitsLoss()
)
Trainable parameters: 17165996
Mon 09 Feb 2026 13:00:52 INFO  FLOPs: 1605.0
Mon 09 Feb 2026 13:01:01 INFO  epoch 0 training [time: 9.03s, train loss: 214.8132]
Mon 09 Feb 2026 13:01:01 INFO  epoch 0 evaluating [time: 0.56s, valid_score: 0.772800]
Mon 09 Feb 2026 13:01:01 INFO  valid result: 
auc : 0.7728    logloss : 0.3956
Mon 09 Feb 2026 13:01:01 INFO  Saving current: outputs/bgg/ffm/FFM-Feb-09-2026_13-00-52.pth
Mon 09 Feb 2026 13:01:09 INFO  epoch 1 training [time: 7.37s, train loss: 178.4950]
Mon 09 Feb 2026 13:01:09 INFO  epoch 1 evaluating [time: 0.69s, valid_score: 0.777600]
Mon 09 Feb 2026 13:01:09 INFO  valid result: 
auc : 0.7776    logloss : 0.3948
Mon 09 Feb 2026 13:01:11 INFO  Saving current: outputs/bgg/ffm/FFM-Feb-09-2026_13-00-52.pth
Mon 09 Feb 2026 13:01:19 INFO  epoch 2 training [time: 8.59s, train loss: 139.9920]
Mon 09 Feb 2026 13:01:20 INFO  epoch 2 evaluating [time: 0.54s, valid_score: 0.768400]
Mon 09 Feb 2026 13:01:20 INFO  valid result: 
auc : 0.7684    logloss : 0.4122
Mon 09 Feb 2026 13:01:29 INFO  epoch 3 training [time: 9.02s, train loss: 100.4871]
Mon 09 Feb 2026 13:01:29 INFO  epoch 3 evaluating [time: 0.55s, valid_score: 0.759800]
Mon 09 Feb 2026 13:01:29 INFO  valid result: 
auc : 0.7598    logloss : 0.4417
Mon 09 Feb 2026 13:01:38 INFO  epoch 4 training [time: 9.06s, train loss: 72.0654]
Mon 09 Feb 2026 13:01:39 INFO  epoch 4 evaluating [time: 0.50s, valid_score: 0.754900]
Mon 09 Feb 2026 13:01:39 INFO  valid result: 
auc : 0.7549    logloss : 0.4754
Mon 09 Feb 2026 13:01:48 INFO  epoch 5 training [time: 8.95s, train loss: 53.2212]
Mon 09 Feb 2026 13:01:48 INFO  epoch 5 evaluating [time: 0.59s, valid_score: 0.750800]
Mon 09 Feb 2026 13:01:48 INFO  valid result: 
auc : 0.7508    logloss : 0.5092
Mon 09 Feb 2026 13:01:57 INFO  epoch 6 training [time: 8.88s, train loss: 40.2870]
Mon 09 Feb 2026 13:01:58 INFO  epoch 6 evaluating [time: 0.47s, valid_score: 0.748500]
Mon 09 Feb 2026 13:01:58 INFO  valid result: 
auc : 0.7485    logloss : 0.5427
Mon 09 Feb 2026 13:02:06 INFO  epoch 7 training [time: 8.38s, train loss: 31.1087]
Mon 09 Feb 2026 13:02:07 INFO  epoch 7 evaluating [time: 0.46s, valid_score: 0.745500]
Mon 09 Feb 2026 13:02:07 INFO  valid result: 
auc : 0.7455    logloss : 0.5764
Mon 09 Feb 2026 13:02:16 INFO  epoch 8 training [time: 9.01s, train loss: 24.3220]
Mon 09 Feb 2026 13:02:16 INFO  epoch 8 evaluating [time: 0.50s, valid_score: 0.744300]
Mon 09 Feb 2026 13:02:16 INFO  valid result: 
auc : 0.7443    logloss : 0.61
Mon 09 Feb 2026 13:02:25 INFO  epoch 9 training [time: 9.07s, train loss: 19.2363]
Mon 09 Feb 2026 13:02:26 INFO  epoch 9 evaluating [time: 0.49s, valid_score: 0.743300]
Mon 09 Feb 2026 13:02:26 INFO  valid result: 
auc : 0.7433    logloss : 0.6415
Mon 09 Feb 2026 13:02:35 INFO  epoch 10 training [time: 9.06s, train loss: 15.3087]
Mon 09 Feb 2026 13:02:35 INFO  epoch 10 evaluating [time: 0.48s, valid_score: 0.742100]
Mon 09 Feb 2026 13:02:35 INFO  valid result: 
auc : 0.7421    logloss : 0.6743
Mon 09 Feb 2026 13:02:44 INFO  epoch 11 training [time: 9.07s, train loss: 12.2762]
Mon 09 Feb 2026 13:02:45 INFO  epoch 11 evaluating [time: 0.48s, valid_score: 0.740900]
Mon 09 Feb 2026 13:02:45 INFO  valid result: 
auc : 0.7409    logloss : 0.7059
Mon 09 Feb 2026 13:02:54 INFO  epoch 12 training [time: 9.08s, train loss: 9.8828]
Mon 09 Feb 2026 13:02:54 INFO  epoch 12 evaluating [time: 0.47s, valid_score: 0.739800]
Mon 09 Feb 2026 13:02:54 INFO  valid result: 
auc : 0.7398    logloss : 0.7363
Mon 09 Feb 2026 13:02:54 INFO  Finished training, best eval result in epoch 1
Mon 09 Feb 2026 13:02:54 INFO  Loading model structure and parameters from outputs/bgg/ffm/FFM-Feb-09-2026_13-00-52.pth
Mon 09 Feb 2026 13:02:56 INFO  The running environment of this training is as follows:
+-------------+------------------+
| Environment |      Usage       |
+=============+==================+
| CPU         |      5.80 %      |
+-------------+------------------+
| GPU         |  0.61 G/23.56 G  |
+-------------+------------------+
| Memory      | 1.99 G/1006.54 G |
+-------------+------------------+
Mon 09 Feb 2026 13:02:56 INFO  best valid : OrderedDict([('auc', 0.7776), ('logloss', 0.3948)])
Mon 09 Feb 2026 13:02:56 INFO  test result: OrderedDict([('auc', 0.7725), ('logloss', 0.5308)])
Mon 09 Feb 2026 13:02:56 INFO  ['/home/bari/Evaluate-CARS/src/pipelines/bgg_pipeline.py']
Mon 09 Feb 2026 13:02:56 INFO  
General Hyper Parameters:
gpu_id = 0
use_gpu = True
seed = 42
state = INFO
reproducibility = True
data_path = datasets/bgg/recbole/boardgamegeek
checkpoint_dir = outputs/bgg/fwfm
show_progress = True
save_dataset = False
dataset_save_path = None
save_dataloaders = False
dataloaders_save_path = None
log_wandb = False

Training Hyper Parameters:
epochs = 50
train_batch_size = 2048
learner = adam
learning_rate = 0.001
train_neg_sample_args = {'distribution': 'none', 'sample_num': 'none', 'alpha': 'none', 'dynamic': False, 'candidate_num': 0}
eval_step = 1
stopping_step = 10
clip_grad_norm = None
weight_decay = 0.0
loss_decimal_place = 4

Evaluation Hyper Parameters:
eval_args = {'split': {'RS': [1.0, 0.0, 0.0]}, 'order': 'RO', 'group_by': 'user', 'mode': {'valid': 'labeled', 'test': 'labeled'}}
repeatable = False
metrics = ['AUC', 'LogLoss']
topk = [10]
valid_metric = AUC
valid_metric_bigger = True
eval_batch_size = 4096
metric_decimal_place = 4

Dataset Hyper Parameters:
field_separator = 	
seq_separator =  
USER_ID_FIELD = user_id
ITEM_ID_FIELD = item_id
RATING_FIELD = rating
TIME_FIELD = timestamp
seq_len = None
LABEL_FIELD = label
threshold = None
NEG_PREFIX = neg_
load_col = {'inter': ['user_id', 'item_id', 'label', 'playing_time', 'gaming_mood', 'social_companion']}
unload_col = None
unused_col = None
additional_feat_suffix = None
rm_dup_inter = None
val_interval = None
filter_inter_by_user_or_item = True
user_inter_num_interval = [0,inf)
item_inter_num_interval = [0,inf)
alias_of_user_id = None
alias_of_item_id = None
alias_of_entity_id = None
alias_of_relation_id = None
preload_weight = None
normalize_field = None
normalize_all = None
ITEM_LIST_LENGTH_FIELD = item_length
LIST_SUFFIX = _list
MAX_ITEM_LIST_LENGTH = 50
POSITION_FIELD = position_id
HEAD_ENTITY_ID_FIELD = head_id
TAIL_ENTITY_ID_FIELD = tail_id
RELATION_ID_FIELD = relation_id
ENTITY_ID_FIELD = entity_id
benchmark_filename = ['train', 'valid', 'test']

Other Hyper Parameters: 
worker = 0
wandb_project = recbole
shuffle = True
require_pow = False
enable_amp = False
enable_scaler = False
transform = None
embedding_size = 64
dropout_prob = 0.0
fields = None
numerical_features = []
discretization = None
kg_reverse_r = False
entity_kg_num_interval = [0,inf)
relation_kg_num_interval = [0,inf)
MODEL_TYPE = ModelType.CONTEXT
reg_weight = 0.0001
device = cuda
MODEL_INPUT_TYPE = InputType.POINTWISE
eval_type = EvaluatorType.VALUE
single_spec = True
local_rank = 0
valid_neg_sample_args = {'distribution': 'none', 'sample_num': 'none'}
test_neg_sample_args = {'distribution': 'none', 'sample_num': 'none'}


Mon 09 Feb 2026 13:03:02 INFO  boardgamegeek
The number of users: 43661
Average actions of users: 33.27457627118644
The number of items: 902
Average actions of items: 1612.395116537181
The number of inters: 1452768
The sparsity of the dataset: 96.31110707770628%
Remain Fields: ['user_id', 'item_id', 'label', 'playing_time', 'gaming_mood', 'social_companion']
Mon 09 Feb 2026 13:03:03 INFO  [Training]: train_batch_size = [2048] train_neg_sample_args: [{'distribution': 'none', 'sample_num': 'none', 'alpha': 'none', 'dynamic': False, 'candidate_num': 0}]
Mon 09 Feb 2026 13:03:03 INFO  [Evaluation]: eval_batch_size = [4096] eval_args: [{'split': {'RS': [1.0, 0.0, 0.0]}, 'order': 'RO', 'group_by': 'user', 'mode': {'valid': 'labeled', 'test': 'labeled'}}]
Mon 09 Feb 2026 13:03:03 INFO  FwFM(
  (token_embedding_table): FMEmbedding(
    (embedding): Embedding(44587, 64)
  )
  (first_order_linear): FMFirstOrderLinear(
    (token_embedding_table): FMEmbedding(
      (embedding): Embedding(44587, 1)
    )
  )
  (dropout_layer): Dropout(p=0.0, inplace=False)
  (sigmoid): Sigmoid()
  (loss): BCEWithLogitsLoss()
)
Trainable parameters: 2898156
Mon 09 Feb 2026 13:03:03 INFO  FLOPs: 325.0
Mon 09 Feb 2026 13:03:07 INFO  epoch 0 training [time: 4.11s, train loss: 219.5591]
Mon 09 Feb 2026 13:03:07 INFO  epoch 0 evaluating [time: 0.53s, valid_score: 0.769000]
Mon 09 Feb 2026 13:03:07 INFO  valid result: 
auc : 0.769    logloss : 0.3991
Mon 09 Feb 2026 13:03:07 INFO  Saving current: outputs/bgg/fwfm/FwFM-Feb-09-2026_13-03-03.pth
Mon 09 Feb 2026 13:03:11 INFO  epoch 1 training [time: 3.60s, train loss: 183.5993]
Mon 09 Feb 2026 13:03:11 INFO  epoch 1 evaluating [time: 0.48s, valid_score: 0.770000]
Mon 09 Feb 2026 13:03:11 INFO  valid result: 
auc : 0.77    logloss : 0.4032
Mon 09 Feb 2026 13:03:12 INFO  Saving current: outputs/bgg/fwfm/FwFM-Feb-09-2026_13-03-03.pth
Mon 09 Feb 2026 13:03:21 INFO  epoch 2 training [time: 9.04s, train loss: 168.8682]
Mon 09 Feb 2026 13:03:21 INFO  epoch 2 evaluating [time: 0.57s, valid_score: 0.763100]
Mon 09 Feb 2026 13:03:21 INFO  valid result: 
auc : 0.7631    logloss : 0.4192
Mon 09 Feb 2026 13:03:31 INFO  epoch 3 training [time: 10.25s, train loss: 156.3298]
Mon 09 Feb 2026 13:03:32 INFO  epoch 3 evaluating [time: 0.70s, valid_score: 0.757000]
Mon 09 Feb 2026 13:03:32 INFO  valid result: 
auc : 0.757    logloss : 0.4383
Mon 09 Feb 2026 13:03:42 INFO  epoch 4 training [time: 10.30s, train loss: 144.7647]
Mon 09 Feb 2026 13:03:43 INFO  epoch 4 evaluating [time: 0.57s, valid_score: 0.752300]
Mon 09 Feb 2026 13:03:43 INFO  valid result: 
auc : 0.7523    logloss : 0.4577
Mon 09 Feb 2026 13:03:53 INFO  epoch 5 training [time: 10.26s, train loss: 133.8165]
Mon 09 Feb 2026 13:03:54 INFO  epoch 5 evaluating [time: 0.70s, valid_score: 0.748300]
Mon 09 Feb 2026 13:03:54 INFO  valid result: 
auc : 0.7483    logloss : 0.4776
Mon 09 Feb 2026 13:04:04 INFO  epoch 6 training [time: 10.25s, train loss: 123.5540]
Mon 09 Feb 2026 13:04:05 INFO  epoch 6 evaluating [time: 0.69s, valid_score: 0.745800]
Mon 09 Feb 2026 13:04:05 INFO  valid result: 
auc : 0.7458    logloss : 0.4957
Mon 09 Feb 2026 13:04:15 INFO  epoch 7 training [time: 10.27s, train loss: 113.8038]
Mon 09 Feb 2026 13:04:16 INFO  epoch 7 evaluating [time: 0.66s, valid_score: 0.742600]
Mon 09 Feb 2026 13:04:16 INFO  valid result: 
auc : 0.7426    logloss : 0.5185
Mon 09 Feb 2026 13:04:26 INFO  epoch 8 training [time: 10.27s, train loss: 104.3911]
Mon 09 Feb 2026 13:04:27 INFO  epoch 8 evaluating [time: 0.48s, valid_score: 0.740900]
Mon 09 Feb 2026 13:04:27 INFO  valid result: 
auc : 0.7409    logloss : 0.5376
Mon 09 Feb 2026 13:04:37 INFO  epoch 9 training [time: 10.17s, train loss: 95.1951]
Mon 09 Feb 2026 13:04:37 INFO  epoch 9 evaluating [time: 0.48s, valid_score: 0.739400]
Mon 09 Feb 2026 13:04:37 INFO  valid result: 
auc : 0.7394    logloss : 0.5574
Mon 09 Feb 2026 13:04:47 INFO  epoch 10 training [time: 9.99s, train loss: 86.1239]
Mon 09 Feb 2026 13:04:48 INFO  epoch 10 evaluating [time: 0.48s, valid_score: 0.738300]
Mon 09 Feb 2026 13:04:48 INFO  valid result: 
auc : 0.7383    logloss : 0.5778
Mon 09 Feb 2026 13:04:58 INFO  epoch 11 training [time: 10.07s, train loss: 77.2944]
Mon 09 Feb 2026 13:04:58 INFO  epoch 11 evaluating [time: 0.48s, valid_score: 0.737500]
Mon 09 Feb 2026 13:04:58 INFO  valid result: 
auc : 0.7375    logloss : 0.5995
Mon 09 Feb 2026 13:05:08 INFO  epoch 12 training [time: 10.05s, train loss: 68.6737]
Mon 09 Feb 2026 13:05:09 INFO  epoch 12 evaluating [time: 0.49s, valid_score: 0.736500]
Mon 09 Feb 2026 13:05:09 INFO  valid result: 
auc : 0.7365    logloss : 0.6207
Mon 09 Feb 2026 13:05:09 INFO  Finished training, best eval result in epoch 1
Mon 09 Feb 2026 13:05:09 INFO  Loading model structure and parameters from outputs/bgg/fwfm/FwFM-Feb-09-2026_13-03-03.pth
Mon 09 Feb 2026 13:05:10 INFO  The running environment of this training is as follows:
+-------------+------------------+
| Environment |      Usage       |
+=============+==================+
| CPU         |      1.30 %      |
+-------------+------------------+
| GPU         |  0.61 G/23.56 G  |
+-------------+------------------+
| Memory      | 1.99 G/1006.54 G |
+-------------+------------------+
Mon 09 Feb 2026 13:05:10 INFO  best valid : OrderedDict([('auc', 0.77), ('logloss', 0.4032)])
Mon 09 Feb 2026 13:05:10 INFO  test result: OrderedDict([('auc', 0.7703), ('logloss', 0.5325)])
