Mon 09 Feb 2026 16:14:57 INFO  ['/home/bari/Evaluate-CARS/src/pipelines/yelp_pipeline.py']
Mon 09 Feb 2026 16:14:57 INFO  
General Hyper Parameters:
gpu_id = 0
use_gpu = True
seed = 2024
state = INFO
reproducibility = True
data_path = datasets/yelp/recbole/yelp
checkpoint_dir = outputs/yelp/fm
show_progress = True
save_dataset = False
dataset_save_path = None
save_dataloaders = False
dataloaders_save_path = None
log_wandb = False

Training Hyper Parameters:
epochs = 50
train_batch_size = 2048
learner = adam
learning_rate = 0.001
train_neg_sample_args = {'distribution': 'none', 'sample_num': 'none', 'alpha': 'none', 'dynamic': False, 'candidate_num': 0}
eval_step = 1
stopping_step = 10
clip_grad_norm = None
weight_decay = 0.0
loss_decimal_place = 4

Evaluation Hyper Parameters:
eval_args = {'split': {'RS': [1.0, 0.0, 0.0]}, 'order': 'RO', 'group_by': 'user', 'mode': {'valid': 'labeled', 'test': 'labeled'}}
repeatable = False
metrics = ['AUC', 'LogLoss']
topk = [10]
valid_metric = AUC
valid_metric_bigger = True
eval_batch_size = 4096
metric_decimal_place = 4

Dataset Hyper Parameters:
field_separator = 	
seq_separator =  
USER_ID_FIELD = user_id
ITEM_ID_FIELD = item_id
RATING_FIELD = rating
TIME_FIELD = timestamp
seq_len = None
LABEL_FIELD = label
threshold = None
NEG_PREFIX = neg_
load_col = {'inter': ['user_id', 'item_id', 'label', 'hour_of_day', 'day_of_week', 'is_weekend', 'city', 'category', 'price_range']}
unload_col = None
unused_col = None
additional_feat_suffix = None
rm_dup_inter = None
val_interval = None
filter_inter_by_user_or_item = True
user_inter_num_interval = [0,inf)
item_inter_num_interval = [0,inf)
alias_of_user_id = None
alias_of_item_id = None
alias_of_entity_id = None
alias_of_relation_id = None
preload_weight = None
normalize_field = None
normalize_all = None
ITEM_LIST_LENGTH_FIELD = item_length
LIST_SUFFIX = _list
MAX_ITEM_LIST_LENGTH = 50
POSITION_FIELD = position_id
HEAD_ENTITY_ID_FIELD = head_id
TAIL_ENTITY_ID_FIELD = tail_id
RELATION_ID_FIELD = relation_id
ENTITY_ID_FIELD = entity_id
benchmark_filename = ['train', 'valid', 'test']

Other Hyper Parameters: 
worker = 0
wandb_project = recbole
shuffle = True
require_pow = False
enable_amp = False
enable_scaler = False
transform = None
embedding_size = 64
numerical_features = []
discretization = None
kg_reverse_r = False
entity_kg_num_interval = [0,inf)
relation_kg_num_interval = [0,inf)
MODEL_TYPE = ModelType.CONTEXT
reg_weight = 0.0001
device = cuda
MODEL_INPUT_TYPE = InputType.POINTWISE
eval_type = EvaluatorType.VALUE
single_spec = True
local_rank = 0
valid_neg_sample_args = {'distribution': 'none', 'sample_num': 'none'}
test_neg_sample_args = {'distribution': 'none', 'sample_num': 'none'}


Mon 09 Feb 2026 16:14:57 INFO  yelp
The number of users: 4804
Average actions of users: 20.820320632937747
The number of items: 22234
Average actions of items: 4.49781855799937
The number of inters: 100000
The sparsity of the dataset: 99.90637767977975%
Remain Fields: ['user_id', 'item_id', 'label', 'hour_of_day', 'day_of_week', 'is_weekend', 'city', 'category', 'price_range']
Mon 09 Feb 2026 16:14:57 INFO  [Training]: train_batch_size = [2048] train_neg_sample_args: [{'distribution': 'none', 'sample_num': 'none', 'alpha': 'none', 'dynamic': False, 'candidate_num': 0}]
Mon 09 Feb 2026 16:14:57 INFO  [Evaluation]: eval_batch_size = [4096] eval_args: [{'split': {'RS': [1.0, 0.0, 0.0]}, 'order': 'RO', 'group_by': 'user', 'mode': {'valid': 'labeled', 'test': 'labeled'}}]
Mon 09 Feb 2026 16:14:58 INFO  FM(
  (token_embedding_table): FMEmbedding(
    (embedding): Embedding(27735, 64)
  )
  (first_order_linear): FMFirstOrderLinear(
    (token_embedding_table): FMEmbedding(
      (embedding): Embedding(27735, 1)
    )
  )
  (fm): BaseFactorizationMachine()
  (sigmoid): Sigmoid()
  (loss): BCEWithLogitsLoss()
)
Trainable parameters: 1802776
Mon 09 Feb 2026 16:14:58 INFO  FLOPs: 520.0
Mon 09 Feb 2026 16:14:59 INFO  epoch 0 training [time: 0.41s, train loss: -57.8991]
Mon 09 Feb 2026 16:14:59 INFO  epoch 0 evaluating [time: 0.04s, valid_score: 0.403800]
Mon 09 Feb 2026 16:14:59 INFO  valid result: 
auc : 0.4038    logloss : -4.2519
Mon 09 Feb 2026 16:14:59 INFO  Saving current: outputs/yelp/fm/FM-Feb-09-2026_16-14-58.pth
Mon 09 Feb 2026 16:14:59 INFO  epoch 1 training [time: 0.25s, train loss: -592.3382]
Mon 09 Feb 2026 16:14:59 INFO  epoch 1 evaluating [time: 0.04s, valid_score: 0.400500]
Mon 09 Feb 2026 16:14:59 INFO  valid result: 
auc : 0.4005    logloss : -21.1352
Mon 09 Feb 2026 16:14:59 INFO  epoch 2 training [time: 0.22s, train loss: -1888.2877]
Mon 09 Feb 2026 16:14:59 INFO  epoch 2 evaluating [time: 0.04s, valid_score: 0.435700]
Mon 09 Feb 2026 16:14:59 INFO  valid result: 
auc : 0.4357    logloss : -87.1904
Mon 09 Feb 2026 16:14:59 INFO  Saving current: outputs/yelp/fm/FM-Feb-09-2026_16-14-58.pth
Mon 09 Feb 2026 16:14:59 INFO  epoch 3 training [time: 0.20s, train loss: -4101.4390]
Mon 09 Feb 2026 16:14:59 INFO  epoch 3 evaluating [time: 0.04s, valid_score: 0.498400]
Mon 09 Feb 2026 16:14:59 INFO  valid result: 
auc : 0.4984    logloss : -97.6668
Mon 09 Feb 2026 16:15:00 INFO  Saving current: outputs/yelp/fm/FM-Feb-09-2026_16-14-58.pth
Mon 09 Feb 2026 16:15:00 INFO  epoch 4 training [time: 0.25s, train loss: -7239.4097]
Mon 09 Feb 2026 16:15:00 INFO  epoch 4 evaluating [time: 0.04s, valid_score: 0.500000]
Mon 09 Feb 2026 16:15:00 INFO  valid result: 
auc : 0.5    logloss : -97.6779
Mon 09 Feb 2026 16:15:00 INFO  Saving current: outputs/yelp/fm/FM-Feb-09-2026_16-14-58.pth
Mon 09 Feb 2026 16:15:00 INFO  epoch 5 training [time: 0.26s, train loss: -11323.5672]
Mon 09 Feb 2026 16:15:00 INFO  epoch 5 evaluating [time: 0.04s, valid_score: 0.500000]
Mon 09 Feb 2026 16:15:00 INFO  valid result: 
auc : 0.5    logloss : -97.6779
Mon 09 Feb 2026 16:15:00 INFO  Saving current: outputs/yelp/fm/FM-Feb-09-2026_16-14-58.pth
Mon 09 Feb 2026 16:15:01 INFO  epoch 6 training [time: 0.25s, train loss: -16342.5964]
Mon 09 Feb 2026 16:15:01 INFO  epoch 6 evaluating [time: 0.04s, valid_score: 0.500000]
Mon 09 Feb 2026 16:15:01 INFO  valid result: 
auc : 0.5    logloss : -97.6779
Mon 09 Feb 2026 16:15:01 INFO  Saving current: outputs/yelp/fm/FM-Feb-09-2026_16-14-58.pth
Mon 09 Feb 2026 16:15:01 INFO  epoch 7 training [time: 0.26s, train loss: -22272.0129]
Mon 09 Feb 2026 16:15:01 INFO  epoch 7 evaluating [time: 0.04s, valid_score: 0.500000]
Mon 09 Feb 2026 16:15:01 INFO  valid result: 
auc : 0.5    logloss : -97.6779
Mon 09 Feb 2026 16:15:01 INFO  Saving current: outputs/yelp/fm/FM-Feb-09-2026_16-14-58.pth
Mon 09 Feb 2026 16:15:01 INFO  epoch 8 training [time: 0.28s, train loss: -29071.3788]
Mon 09 Feb 2026 16:15:01 INFO  epoch 8 evaluating [time: 0.04s, valid_score: 0.500000]
Mon 09 Feb 2026 16:15:01 INFO  valid result: 
auc : 0.5    logloss : -97.6779
Mon 09 Feb 2026 16:15:01 INFO  Saving current: outputs/yelp/fm/FM-Feb-09-2026_16-14-58.pth
Mon 09 Feb 2026 16:15:02 INFO  epoch 9 training [time: 0.26s, train loss: -36745.2520]
Mon 09 Feb 2026 16:15:02 INFO  epoch 9 evaluating [time: 0.04s, valid_score: 0.500000]
Mon 09 Feb 2026 16:15:02 INFO  valid result: 
auc : 0.5    logloss : -97.6779
Mon 09 Feb 2026 16:15:02 INFO  Saving current: outputs/yelp/fm/FM-Feb-09-2026_16-14-58.pth
Mon 09 Feb 2026 16:15:02 INFO  epoch 10 training [time: 0.28s, train loss: -45322.6775]
Mon 09 Feb 2026 16:15:02 INFO  epoch 10 evaluating [time: 0.04s, valid_score: 0.500000]
Mon 09 Feb 2026 16:15:02 INFO  valid result: 
auc : 0.5    logloss : -97.6779
Mon 09 Feb 2026 16:15:02 INFO  Saving current: outputs/yelp/fm/FM-Feb-09-2026_16-14-58.pth
Mon 09 Feb 2026 16:15:03 INFO  epoch 11 training [time: 0.25s, train loss: -54709.1454]
Mon 09 Feb 2026 16:15:03 INFO  epoch 11 evaluating [time: 0.04s, valid_score: 0.500000]
Mon 09 Feb 2026 16:15:03 INFO  valid result: 
auc : 0.5    logloss : -97.6779
Mon 09 Feb 2026 16:15:03 INFO  Saving current: outputs/yelp/fm/FM-Feb-09-2026_16-14-58.pth
Mon 09 Feb 2026 16:15:03 INFO  epoch 12 training [time: 0.26s, train loss: -64941.3041]
Mon 09 Feb 2026 16:15:03 INFO  epoch 12 evaluating [time: 0.04s, valid_score: 0.500000]
Mon 09 Feb 2026 16:15:03 INFO  valid result: 
auc : 0.5    logloss : -97.6779
Mon 09 Feb 2026 16:15:03 INFO  Saving current: outputs/yelp/fm/FM-Feb-09-2026_16-14-58.pth
Mon 09 Feb 2026 16:15:03 INFO  epoch 13 training [time: 0.29s, train loss: -76018.7881]
Mon 09 Feb 2026 16:15:03 INFO  epoch 13 evaluating [time: 0.04s, valid_score: 0.500000]
Mon 09 Feb 2026 16:15:03 INFO  valid result: 
auc : 0.5    logloss : -97.6779
Mon 09 Feb 2026 16:15:03 INFO  Saving current: outputs/yelp/fm/FM-Feb-09-2026_16-14-58.pth
Mon 09 Feb 2026 16:15:04 INFO  epoch 14 training [time: 0.26s, train loss: -87939.8018]
Mon 09 Feb 2026 16:15:04 INFO  epoch 14 evaluating [time: 0.04s, valid_score: 0.500000]
Mon 09 Feb 2026 16:15:04 INFO  valid result: 
auc : 0.5    logloss : -97.6779
Mon 09 Feb 2026 16:15:04 INFO  Saving current: outputs/yelp/fm/FM-Feb-09-2026_16-14-58.pth
Mon 09 Feb 2026 16:15:04 INFO  epoch 15 training [time: 0.28s, train loss: -100592.2495]
Mon 09 Feb 2026 16:15:04 INFO  epoch 15 evaluating [time: 0.04s, valid_score: 0.500000]
Mon 09 Feb 2026 16:15:04 INFO  valid result: 
auc : 0.5    logloss : -97.6779
Mon 09 Feb 2026 16:15:04 INFO  Saving current: outputs/yelp/fm/FM-Feb-09-2026_16-14-58.pth
Mon 09 Feb 2026 16:15:05 INFO  epoch 16 training [time: 0.26s, train loss: -114273.4514]
Mon 09 Feb 2026 16:15:05 INFO  epoch 16 evaluating [time: 0.04s, valid_score: 0.500000]
Mon 09 Feb 2026 16:15:05 INFO  valid result: 
auc : 0.5    logloss : -97.6779
Mon 09 Feb 2026 16:15:05 INFO  Saving current: outputs/yelp/fm/FM-Feb-09-2026_16-14-58.pth
Mon 09 Feb 2026 16:15:05 INFO  epoch 17 training [time: 0.28s, train loss: -128520.9968]
Mon 09 Feb 2026 16:15:05 INFO  epoch 17 evaluating [time: 0.05s, valid_score: 0.500000]
Mon 09 Feb 2026 16:15:05 INFO  valid result: 
auc : 0.5    logloss : -97.6779
Mon 09 Feb 2026 16:15:05 INFO  Saving current: outputs/yelp/fm/FM-Feb-09-2026_16-14-58.pth
Mon 09 Feb 2026 16:15:05 INFO  epoch 18 training [time: 0.20s, train loss: -143579.9375]
Mon 09 Feb 2026 16:15:05 INFO  epoch 18 evaluating [time: 0.04s, valid_score: 0.500000]
Mon 09 Feb 2026 16:15:05 INFO  valid result: 
auc : 0.5    logloss : -97.6779
Mon 09 Feb 2026 16:15:05 INFO  Saving current: outputs/yelp/fm/FM-Feb-09-2026_16-14-58.pth
Mon 09 Feb 2026 16:15:06 INFO  epoch 19 training [time: 0.25s, train loss: -159533.6519]
Mon 09 Feb 2026 16:15:06 INFO  epoch 19 evaluating [time: 0.04s, valid_score: 0.500000]
Mon 09 Feb 2026 16:15:06 INFO  valid result: 
auc : 0.5    logloss : -97.6779
Mon 09 Feb 2026 16:15:06 INFO  Saving current: outputs/yelp/fm/FM-Feb-09-2026_16-14-58.pth
Mon 09 Feb 2026 16:15:06 INFO  epoch 20 training [time: 0.25s, train loss: -175976.5859]
Mon 09 Feb 2026 16:15:06 INFO  epoch 20 evaluating [time: 0.04s, valid_score: 0.500000]
Mon 09 Feb 2026 16:15:06 INFO  valid result: 
auc : 0.5    logloss : -97.6779
Mon 09 Feb 2026 16:15:06 INFO  Saving current: outputs/yelp/fm/FM-Feb-09-2026_16-14-58.pth
Mon 09 Feb 2026 16:15:07 INFO  epoch 21 training [time: 0.26s, train loss: -193411.1006]
Mon 09 Feb 2026 16:15:07 INFO  epoch 21 evaluating [time: 0.04s, valid_score: 0.500000]
Mon 09 Feb 2026 16:15:07 INFO  valid result: 
auc : 0.5    logloss : -97.6779
Mon 09 Feb 2026 16:15:07 INFO  Saving current: outputs/yelp/fm/FM-Feb-09-2026_16-14-58.pth
Mon 09 Feb 2026 16:15:07 INFO  epoch 22 training [time: 0.26s, train loss: -211339.3516]
Mon 09 Feb 2026 16:15:07 INFO  epoch 22 evaluating [time: 0.04s, valid_score: 0.500000]
Mon 09 Feb 2026 16:15:07 INFO  valid result: 
auc : 0.5    logloss : -97.6779
Mon 09 Feb 2026 16:15:07 INFO  Saving current: outputs/yelp/fm/FM-Feb-09-2026_16-14-58.pth
Mon 09 Feb 2026 16:15:07 INFO  epoch 23 training [time: 0.25s, train loss: -230115.1631]
Mon 09 Feb 2026 16:15:07 INFO  epoch 23 evaluating [time: 0.04s, valid_score: 0.500000]
Mon 09 Feb 2026 16:15:07 INFO  valid result: 
auc : 0.5    logloss : -97.6779
Mon 09 Feb 2026 16:15:07 INFO  Saving current: outputs/yelp/fm/FM-Feb-09-2026_16-14-58.pth
Mon 09 Feb 2026 16:15:08 INFO  epoch 24 training [time: 0.26s, train loss: -249622.2417]
Mon 09 Feb 2026 16:15:08 INFO  epoch 24 evaluating [time: 0.04s, valid_score: 0.500000]
Mon 09 Feb 2026 16:15:08 INFO  valid result: 
auc : 0.5    logloss : -97.6779
Mon 09 Feb 2026 16:15:08 INFO  Saving current: outputs/yelp/fm/FM-Feb-09-2026_16-14-58.pth
Mon 09 Feb 2026 16:15:08 INFO  epoch 25 training [time: 0.25s, train loss: -269592.1416]
Mon 09 Feb 2026 16:15:08 INFO  epoch 25 evaluating [time: 0.04s, valid_score: 0.500000]
Mon 09 Feb 2026 16:15:08 INFO  valid result: 
auc : 0.5    logloss : -97.6779
Mon 09 Feb 2026 16:15:08 INFO  Saving current: outputs/yelp/fm/FM-Feb-09-2026_16-14-58.pth
Mon 09 Feb 2026 16:15:08 INFO  epoch 26 training [time: 0.20s, train loss: -290697.1040]
Mon 09 Feb 2026 16:15:08 INFO  epoch 26 evaluating [time: 0.04s, valid_score: 0.500000]
Mon 09 Feb 2026 16:15:08 INFO  valid result: 
auc : 0.5    logloss : -97.6779
Mon 09 Feb 2026 16:15:09 INFO  Saving current: outputs/yelp/fm/FM-Feb-09-2026_16-14-58.pth
Mon 09 Feb 2026 16:15:09 INFO  epoch 27 training [time: 0.20s, train loss: -312484.7666]
Mon 09 Feb 2026 16:15:09 INFO  epoch 27 evaluating [time: 0.04s, valid_score: 0.500000]
Mon 09 Feb 2026 16:15:09 INFO  valid result: 
auc : 0.5    logloss : -97.6779
Mon 09 Feb 2026 16:15:09 INFO  Saving current: outputs/yelp/fm/FM-Feb-09-2026_16-14-58.pth
Mon 09 Feb 2026 16:15:09 INFO  epoch 28 training [time: 0.20s, train loss: -334276.2842]
Mon 09 Feb 2026 16:15:09 INFO  epoch 28 evaluating [time: 0.04s, valid_score: 0.500000]
Mon 09 Feb 2026 16:15:09 INFO  valid result: 
auc : 0.5    logloss : -97.6779
Mon 09 Feb 2026 16:15:09 INFO  Saving current: outputs/yelp/fm/FM-Feb-09-2026_16-14-58.pth
Mon 09 Feb 2026 16:15:09 INFO  epoch 29 training [time: 0.20s, train loss: -357602.4971]
Mon 09 Feb 2026 16:15:09 INFO  epoch 29 evaluating [time: 0.04s, valid_score: 0.500000]
Mon 09 Feb 2026 16:15:09 INFO  valid result: 
auc : 0.5    logloss : -97.6779
Mon 09 Feb 2026 16:15:10 INFO  Saving current: outputs/yelp/fm/FM-Feb-09-2026_16-14-58.pth
Mon 09 Feb 2026 16:15:10 INFO  epoch 30 training [time: 0.20s, train loss: -381563.8574]
Mon 09 Feb 2026 16:15:10 INFO  epoch 30 evaluating [time: 0.04s, valid_score: 0.500000]
Mon 09 Feb 2026 16:15:10 INFO  valid result: 
auc : 0.5    logloss : -97.6779
Mon 09 Feb 2026 16:15:10 INFO  Saving current: outputs/yelp/fm/FM-Feb-09-2026_16-14-58.pth
Mon 09 Feb 2026 16:15:10 INFO  epoch 31 training [time: 0.20s, train loss: -405610.1221]
Mon 09 Feb 2026 16:15:10 INFO  epoch 31 evaluating [time: 0.04s, valid_score: 0.500000]
Mon 09 Feb 2026 16:15:10 INFO  valid result: 
auc : 0.5    logloss : -97.6779
Mon 09 Feb 2026 16:15:10 INFO  Saving current: outputs/yelp/fm/FM-Feb-09-2026_16-14-58.pth
Mon 09 Feb 2026 16:15:10 INFO  epoch 32 training [time: 0.20s, train loss: -430748.5029]
Mon 09 Feb 2026 16:15:10 INFO  epoch 32 evaluating [time: 0.04s, valid_score: 0.500000]
Mon 09 Feb 2026 16:15:10 INFO  valid result: 
auc : 0.5    logloss : -97.6779
Mon 09 Feb 2026 16:15:11 INFO  Saving current: outputs/yelp/fm/FM-Feb-09-2026_16-14-58.pth
Mon 09 Feb 2026 16:15:11 INFO  epoch 33 training [time: 0.20s, train loss: -456095.4971]
Mon 09 Feb 2026 16:15:11 INFO  epoch 33 evaluating [time: 0.04s, valid_score: 0.500000]
Mon 09 Feb 2026 16:15:11 INFO  valid result: 
auc : 0.5    logloss : -97.6779
Mon 09 Feb 2026 16:15:11 INFO  Saving current: outputs/yelp/fm/FM-Feb-09-2026_16-14-58.pth
Mon 09 Feb 2026 16:15:11 INFO  epoch 34 training [time: 0.20s, train loss: -482471.4434]
Mon 09 Feb 2026 16:15:11 INFO  epoch 34 evaluating [time: 0.04s, valid_score: 0.500000]
Mon 09 Feb 2026 16:15:11 INFO  valid result: 
auc : 0.5    logloss : -97.6779
Mon 09 Feb 2026 16:15:11 INFO  Saving current: outputs/yelp/fm/FM-Feb-09-2026_16-14-58.pth
Mon 09 Feb 2026 16:15:11 INFO  epoch 35 training [time: 0.20s, train loss: -509474.3535]
Mon 09 Feb 2026 16:15:11 INFO  epoch 35 evaluating [time: 0.04s, valid_score: 0.500000]
Mon 09 Feb 2026 16:15:11 INFO  valid result: 
auc : 0.5    logloss : -97.6779
Mon 09 Feb 2026 16:15:12 INFO  Saving current: outputs/yelp/fm/FM-Feb-09-2026_16-14-58.pth
Mon 09 Feb 2026 16:15:12 INFO  epoch 36 training [time: 0.20s, train loss: -536186.9883]
Mon 09 Feb 2026 16:15:12 INFO  epoch 36 evaluating [time: 0.04s, valid_score: 0.500000]
Mon 09 Feb 2026 16:15:12 INFO  valid result: 
auc : 0.5    logloss : -97.6779
Mon 09 Feb 2026 16:15:12 INFO  Saving current: outputs/yelp/fm/FM-Feb-09-2026_16-14-58.pth
Mon 09 Feb 2026 16:15:12 INFO  epoch 37 training [time: 0.20s, train loss: -564538.6973]
Mon 09 Feb 2026 16:15:12 INFO  epoch 37 evaluating [time: 0.04s, valid_score: 0.500000]
Mon 09 Feb 2026 16:15:12 INFO  valid result: 
auc : 0.5    logloss : -97.6779
Mon 09 Feb 2026 16:15:12 INFO  Saving current: outputs/yelp/fm/FM-Feb-09-2026_16-14-58.pth
Mon 09 Feb 2026 16:15:12 INFO  epoch 38 training [time: 0.20s, train loss: -593782.2051]
Mon 09 Feb 2026 16:15:12 INFO  epoch 38 evaluating [time: 0.04s, valid_score: 0.500000]
Mon 09 Feb 2026 16:15:12 INFO  valid result: 
auc : 0.5    logloss : -97.6779
Mon 09 Feb 2026 16:15:13 INFO  Saving current: outputs/yelp/fm/FM-Feb-09-2026_16-14-58.pth
Mon 09 Feb 2026 16:15:13 INFO  epoch 39 training [time: 0.20s, train loss: -622500.1270]
Mon 09 Feb 2026 16:15:13 INFO  epoch 39 evaluating [time: 0.04s, valid_score: 0.500000]
Mon 09 Feb 2026 16:15:13 INFO  valid result: 
auc : 0.5    logloss : -97.6779
Mon 09 Feb 2026 16:15:13 INFO  Saving current: outputs/yelp/fm/FM-Feb-09-2026_16-14-58.pth
Mon 09 Feb 2026 16:15:13 INFO  epoch 40 training [time: 0.20s, train loss: -652717.8320]
Mon 09 Feb 2026 16:15:13 INFO  epoch 40 evaluating [time: 0.04s, valid_score: 0.500000]
Mon 09 Feb 2026 16:15:13 INFO  valid result: 
auc : 0.5    logloss : -97.6779
Mon 09 Feb 2026 16:15:13 INFO  Saving current: outputs/yelp/fm/FM-Feb-09-2026_16-14-58.pth
Mon 09 Feb 2026 16:15:13 INFO  epoch 41 training [time: 0.20s, train loss: -683307.8477]
Mon 09 Feb 2026 16:15:13 INFO  epoch 41 evaluating [time: 0.04s, valid_score: 0.500000]
Mon 09 Feb 2026 16:15:13 INFO  valid result: 
auc : 0.5    logloss : -97.6779
Mon 09 Feb 2026 16:15:14 INFO  Saving current: outputs/yelp/fm/FM-Feb-09-2026_16-14-58.pth
Mon 09 Feb 2026 16:15:14 INFO  epoch 42 training [time: 0.20s, train loss: -714090.9531]
Mon 09 Feb 2026 16:15:14 INFO  epoch 42 evaluating [time: 0.04s, valid_score: 0.500000]
Mon 09 Feb 2026 16:15:14 INFO  valid result: 
auc : 0.5    logloss : -97.6779
Mon 09 Feb 2026 16:15:14 INFO  Saving current: outputs/yelp/fm/FM-Feb-09-2026_16-14-58.pth
Mon 09 Feb 2026 16:15:14 INFO  epoch 43 training [time: 0.20s, train loss: -745736.6270]
Mon 09 Feb 2026 16:15:14 INFO  epoch 43 evaluating [time: 0.04s, valid_score: 0.500000]
Mon 09 Feb 2026 16:15:14 INFO  valid result: 
auc : 0.5    logloss : -97.6779
Mon 09 Feb 2026 16:15:14 INFO  Saving current: outputs/yelp/fm/FM-Feb-09-2026_16-14-58.pth
Mon 09 Feb 2026 16:15:14 INFO  epoch 44 training [time: 0.20s, train loss: -778662.4297]
Mon 09 Feb 2026 16:15:14 INFO  epoch 44 evaluating [time: 0.04s, valid_score: 0.500000]
Mon 09 Feb 2026 16:15:14 INFO  valid result: 
auc : 0.5    logloss : -97.6779
Mon 09 Feb 2026 16:15:15 INFO  Saving current: outputs/yelp/fm/FM-Feb-09-2026_16-14-58.pth
Mon 09 Feb 2026 16:15:15 INFO  epoch 45 training [time: 0.20s, train loss: -811518.8203]
Mon 09 Feb 2026 16:15:15 INFO  epoch 45 evaluating [time: 0.04s, valid_score: 0.500000]
Mon 09 Feb 2026 16:15:15 INFO  valid result: 
auc : 0.5    logloss : -97.6779
Mon 09 Feb 2026 16:15:15 INFO  Saving current: outputs/yelp/fm/FM-Feb-09-2026_16-14-58.pth
Mon 09 Feb 2026 16:15:15 INFO  epoch 46 training [time: 0.20s, train loss: -843959.6016]
Mon 09 Feb 2026 16:15:15 INFO  epoch 46 evaluating [time: 0.04s, valid_score: 0.500000]
Mon 09 Feb 2026 16:15:15 INFO  valid result: 
auc : 0.5    logloss : -97.6779
Mon 09 Feb 2026 16:15:15 INFO  Saving current: outputs/yelp/fm/FM-Feb-09-2026_16-14-58.pth
Mon 09 Feb 2026 16:15:15 INFO  epoch 47 training [time: 0.20s, train loss: -877908.7969]
Mon 09 Feb 2026 16:15:15 INFO  epoch 47 evaluating [time: 0.04s, valid_score: 0.500000]
Mon 09 Feb 2026 16:15:15 INFO  valid result: 
auc : 0.5    logloss : -97.6779
Mon 09 Feb 2026 16:15:16 INFO  Saving current: outputs/yelp/fm/FM-Feb-09-2026_16-14-58.pth
Mon 09 Feb 2026 16:15:16 INFO  epoch 48 training [time: 0.20s, train loss: -912530.1641]
Mon 09 Feb 2026 16:15:16 INFO  epoch 48 evaluating [time: 0.04s, valid_score: 0.500000]
Mon 09 Feb 2026 16:15:16 INFO  valid result: 
auc : 0.5    logloss : -97.6779
Mon 09 Feb 2026 16:15:16 INFO  Saving current: outputs/yelp/fm/FM-Feb-09-2026_16-14-58.pth
Mon 09 Feb 2026 16:15:16 INFO  epoch 49 training [time: 0.20s, train loss: -947105.4707]
Mon 09 Feb 2026 16:15:16 INFO  epoch 49 evaluating [time: 0.04s, valid_score: 0.500000]
Mon 09 Feb 2026 16:15:16 INFO  valid result: 
auc : 0.5    logloss : -97.6779
Mon 09 Feb 2026 16:15:16 INFO  Saving current: outputs/yelp/fm/FM-Feb-09-2026_16-14-58.pth
Mon 09 Feb 2026 16:15:16 INFO  Loading model structure and parameters from outputs/yelp/fm/FM-Feb-09-2026_16-14-58.pth
Mon 09 Feb 2026 16:15:17 INFO  The running environment of this training is as follows:
+-------------+------------------+
| Environment |      Usage       |
+=============+==================+
| CPU         |      0.20 %      |
+-------------+------------------+
| GPU         |  0.10 G/23.56 G  |
+-------------+------------------+
| Memory      | 1.53 G/1006.54 G |
+-------------+------------------+
Mon 09 Feb 2026 16:15:17 INFO  best valid : OrderedDict([('auc', 0.5), ('logloss', -97.6779)])
Mon 09 Feb 2026 16:15:17 INFO  test result: OrderedDict([('auc', 0.5), ('logloss', -103.225)])
Mon 09 Feb 2026 16:15:17 INFO  ['/home/bari/Evaluate-CARS/src/pipelines/yelp_pipeline.py']
Mon 09 Feb 2026 16:15:17 INFO  
General Hyper Parameters:
gpu_id = 0
use_gpu = True
seed = 2024
state = INFO
reproducibility = True
data_path = datasets/yelp/recbole/yelp
checkpoint_dir = outputs/yelp/ffm
show_progress = True
save_dataset = False
dataset_save_path = None
save_dataloaders = False
dataloaders_save_path = None
log_wandb = False

Training Hyper Parameters:
epochs = 50
train_batch_size = 2048
learner = adam
learning_rate = 0.001
train_neg_sample_args = {'distribution': 'none', 'sample_num': 'none', 'alpha': 'none', 'dynamic': False, 'candidate_num': 0}
eval_step = 1
stopping_step = 10
clip_grad_norm = None
weight_decay = 0.0
loss_decimal_place = 4

Evaluation Hyper Parameters:
eval_args = {'split': {'RS': [1.0, 0.0, 0.0]}, 'order': 'RO', 'group_by': 'user', 'mode': {'valid': 'labeled', 'test': 'labeled'}}
repeatable = False
metrics = ['AUC', 'LogLoss']
topk = [10]
valid_metric = AUC
valid_metric_bigger = True
eval_batch_size = 4096
metric_decimal_place = 4

Dataset Hyper Parameters:
field_separator = 	
seq_separator =  
USER_ID_FIELD = user_id
ITEM_ID_FIELD = item_id
RATING_FIELD = rating
TIME_FIELD = timestamp
seq_len = None
LABEL_FIELD = label
threshold = None
NEG_PREFIX = neg_
load_col = {'inter': ['user_id', 'item_id', 'label', 'hour_of_day', 'day_of_week', 'is_weekend', 'city', 'category', 'price_range']}
unload_col = None
unused_col = None
additional_feat_suffix = None
rm_dup_inter = None
val_interval = None
filter_inter_by_user_or_item = True
user_inter_num_interval = [0,inf)
item_inter_num_interval = [0,inf)
alias_of_user_id = None
alias_of_item_id = None
alias_of_entity_id = None
alias_of_relation_id = None
preload_weight = None
normalize_field = None
normalize_all = None
ITEM_LIST_LENGTH_FIELD = item_length
LIST_SUFFIX = _list
MAX_ITEM_LIST_LENGTH = 50
POSITION_FIELD = position_id
HEAD_ENTITY_ID_FIELD = head_id
TAIL_ENTITY_ID_FIELD = tail_id
RELATION_ID_FIELD = relation_id
ENTITY_ID_FIELD = entity_id
benchmark_filename = ['train', 'valid', 'test']

Other Hyper Parameters: 
worker = 0
wandb_project = recbole
shuffle = True
require_pow = False
enable_amp = False
enable_scaler = False
transform = None
embedding_size = 64
fields = None
numerical_features = []
discretization = None
kg_reverse_r = False
entity_kg_num_interval = [0,inf)
relation_kg_num_interval = [0,inf)
MODEL_TYPE = ModelType.CONTEXT
reg_weight = 0.0001
device = cuda
MODEL_INPUT_TYPE = InputType.POINTWISE
eval_type = EvaluatorType.VALUE
single_spec = True
local_rank = 0
valid_neg_sample_args = {'distribution': 'none', 'sample_num': 'none'}
test_neg_sample_args = {'distribution': 'none', 'sample_num': 'none'}


Mon 09 Feb 2026 16:15:18 INFO  yelp
The number of users: 4804
Average actions of users: 20.820320632937747
The number of items: 22234
Average actions of items: 4.49781855799937
The number of inters: 100000
The sparsity of the dataset: 99.90637767977975%
Remain Fields: ['user_id', 'item_id', 'label', 'hour_of_day', 'day_of_week', 'is_weekend', 'city', 'category', 'price_range']
Mon 09 Feb 2026 16:15:18 INFO  [Training]: train_batch_size = [2048] train_neg_sample_args: [{'distribution': 'none', 'sample_num': 'none', 'alpha': 'none', 'dynamic': False, 'candidate_num': 0}]
Mon 09 Feb 2026 16:15:18 INFO  [Evaluation]: eval_batch_size = [4096] eval_args: [{'split': {'RS': [1.0, 0.0, 0.0]}, 'order': 'RO', 'group_by': 'user', 'mode': {'valid': 'labeled', 'test': 'labeled'}}]
Mon 09 Feb 2026 16:15:18 INFO  FFM(
  (token_embedding_table): FMEmbedding(
    (embedding): Embedding(27735, 64)
  )
  (first_order_linear): FMFirstOrderLinear(
    (token_embedding_table): FMEmbedding(
      (embedding): Embedding(27735, 1)
    )
  )
  (sigmoid): Sigmoid()
  (ffm): FieldAwareFactorizationMachine(
    (token_embeddings): ModuleList(
      (0-7): 8 x Embedding(27735, 64)
    )
  )
  (loss): BCEWithLogitsLoss()
)
Trainable parameters: 16003096
Mon 09 Feb 2026 16:15:18 INFO  FLOPs: 4104.0
Mon 09 Feb 2026 16:15:19 INFO  epoch 0 training [time: 0.35s, train loss: -54.8217]
Mon 09 Feb 2026 16:15:19 INFO  epoch 0 evaluating [time: 0.04s, valid_score: 0.404500]
Mon 09 Feb 2026 16:15:19 INFO  valid result: 
auc : 0.4045    logloss : -4.0404
Mon 09 Feb 2026 16:15:19 INFO  Saving current: outputs/yelp/ffm/FFM-Feb-09-2026_16-15-18.pth
Mon 09 Feb 2026 16:15:19 INFO  epoch 1 training [time: 0.35s, train loss: -566.3984]
Mon 09 Feb 2026 16:15:19 INFO  epoch 1 evaluating [time: 0.04s, valid_score: 0.400700]
Mon 09 Feb 2026 16:15:19 INFO  valid result: 
auc : 0.4007    logloss : -20.3172
Mon 09 Feb 2026 16:15:20 INFO  epoch 2 training [time: 0.34s, train loss: -1826.9903]
Mon 09 Feb 2026 16:15:20 INFO  epoch 2 evaluating [time: 0.04s, valid_score: 0.432000]
Mon 09 Feb 2026 16:15:20 INFO  valid result: 
auc : 0.432    logloss : -84.6577
Mon 09 Feb 2026 16:15:21 INFO  Saving current: outputs/yelp/ffm/FFM-Feb-09-2026_16-15-18.pth
Mon 09 Feb 2026 16:15:21 INFO  epoch 3 training [time: 0.37s, train loss: -4001.1649]
Mon 09 Feb 2026 16:15:21 INFO  epoch 3 evaluating [time: 0.04s, valid_score: 0.498400]
Mon 09 Feb 2026 16:15:21 INFO  valid result: 
auc : 0.4984    logloss : -97.6668
Mon 09 Feb 2026 16:15:22 INFO  Saving current: outputs/yelp/ffm/FFM-Feb-09-2026_16-15-18.pth
Mon 09 Feb 2026 16:15:22 INFO  epoch 4 training [time: 0.38s, train loss: -7098.9965]
Mon 09 Feb 2026 16:15:22 INFO  epoch 4 evaluating [time: 0.04s, valid_score: 0.500000]
Mon 09 Feb 2026 16:15:22 INFO  valid result: 
auc : 0.5    logloss : -97.6779
Mon 09 Feb 2026 16:15:23 INFO  Saving current: outputs/yelp/ffm/FFM-Feb-09-2026_16-15-18.pth
Mon 09 Feb 2026 16:15:24 INFO  epoch 5 training [time: 0.38s, train loss: -11141.6172]
Mon 09 Feb 2026 16:15:24 INFO  epoch 5 evaluating [time: 0.04s, valid_score: 0.500000]
Mon 09 Feb 2026 16:15:24 INFO  valid result: 
auc : 0.5    logloss : -97.6779
Mon 09 Feb 2026 16:15:25 INFO  Saving current: outputs/yelp/ffm/FFM-Feb-09-2026_16-15-18.pth
Mon 09 Feb 2026 16:15:25 INFO  epoch 6 training [time: 0.38s, train loss: -16117.6875]
Mon 09 Feb 2026 16:15:25 INFO  epoch 6 evaluating [time: 0.04s, valid_score: 0.500000]
Mon 09 Feb 2026 16:15:25 INFO  valid result: 
auc : 0.5    logloss : -97.6779
Mon 09 Feb 2026 16:15:26 INFO  Saving current: outputs/yelp/ffm/FFM-Feb-09-2026_16-15-18.pth
Mon 09 Feb 2026 16:15:26 INFO  epoch 7 training [time: 0.38s, train loss: -22001.5792]
Mon 09 Feb 2026 16:15:26 INFO  epoch 7 evaluating [time: 0.04s, valid_score: 0.500000]
Mon 09 Feb 2026 16:15:26 INFO  valid result: 
auc : 0.5    logloss : -97.6779
Mon 09 Feb 2026 16:15:28 INFO  Saving current: outputs/yelp/ffm/FFM-Feb-09-2026_16-15-18.pth
Mon 09 Feb 2026 16:15:28 INFO  epoch 8 training [time: 0.38s, train loss: -28754.0306]
Mon 09 Feb 2026 16:15:28 INFO  epoch 8 evaluating [time: 0.04s, valid_score: 0.500000]
Mon 09 Feb 2026 16:15:28 INFO  valid result: 
auc : 0.5    logloss : -97.6779
Mon 09 Feb 2026 16:15:29 INFO  Saving current: outputs/yelp/ffm/FFM-Feb-09-2026_16-15-18.pth
Mon 09 Feb 2026 16:15:29 INFO  epoch 9 training [time: 0.38s, train loss: -36378.3154]
Mon 09 Feb 2026 16:15:29 INFO  epoch 9 evaluating [time: 0.04s, valid_score: 0.500000]
Mon 09 Feb 2026 16:15:29 INFO  valid result: 
auc : 0.5    logloss : -97.6779
Mon 09 Feb 2026 16:15:30 INFO  Saving current: outputs/yelp/ffm/FFM-Feb-09-2026_16-15-18.pth
Mon 09 Feb 2026 16:15:31 INFO  epoch 10 training [time: 0.38s, train loss: -44904.3036]
Mon 09 Feb 2026 16:15:31 INFO  epoch 10 evaluating [time: 0.04s, valid_score: 0.500000]
Mon 09 Feb 2026 16:15:31 INFO  valid result: 
auc : 0.5    logloss : -97.6779
Mon 09 Feb 2026 16:15:32 INFO  Saving current: outputs/yelp/ffm/FFM-Feb-09-2026_16-15-18.pth
Mon 09 Feb 2026 16:15:32 INFO  epoch 11 training [time: 0.38s, train loss: -54234.7346]
Mon 09 Feb 2026 16:15:32 INFO  epoch 11 evaluating [time: 0.04s, valid_score: 0.500000]
Mon 09 Feb 2026 16:15:32 INFO  valid result: 
auc : 0.5    logloss : -97.6779
Mon 09 Feb 2026 16:15:33 INFO  Saving current: outputs/yelp/ffm/FFM-Feb-09-2026_16-15-18.pth
Mon 09 Feb 2026 16:15:34 INFO  epoch 12 training [time: 0.37s, train loss: -64408.7134]
Mon 09 Feb 2026 16:15:34 INFO  epoch 12 evaluating [time: 0.04s, valid_score: 0.500000]
Mon 09 Feb 2026 16:15:34 INFO  valid result: 
auc : 0.5    logloss : -97.6779
Mon 09 Feb 2026 16:15:35 INFO  Saving current: outputs/yelp/ffm/FFM-Feb-09-2026_16-15-18.pth
Mon 09 Feb 2026 16:15:35 INFO  epoch 13 training [time: 0.37s, train loss: -75424.5341]
Mon 09 Feb 2026 16:15:35 INFO  epoch 13 evaluating [time: 0.04s, valid_score: 0.500000]
Mon 09 Feb 2026 16:15:35 INFO  valid result: 
auc : 0.5    logloss : -97.6779
Mon 09 Feb 2026 16:15:36 INFO  Saving current: outputs/yelp/ffm/FFM-Feb-09-2026_16-15-18.pth
Mon 09 Feb 2026 16:15:36 INFO  epoch 14 training [time: 0.38s, train loss: -87281.2817]
Mon 09 Feb 2026 16:15:36 INFO  epoch 14 evaluating [time: 0.04s, valid_score: 0.500000]
Mon 09 Feb 2026 16:15:36 INFO  valid result: 
auc : 0.5    logloss : -97.6779
Mon 09 Feb 2026 16:15:37 INFO  Saving current: outputs/yelp/ffm/FFM-Feb-09-2026_16-15-18.pth
Mon 09 Feb 2026 16:15:38 INFO  epoch 15 training [time: 0.38s, train loss: -99866.0693]
Mon 09 Feb 2026 16:15:38 INFO  epoch 15 evaluating [time: 0.04s, valid_score: 0.500000]
Mon 09 Feb 2026 16:15:38 INFO  valid result: 
auc : 0.5    logloss : -97.6779
Mon 09 Feb 2026 16:15:39 INFO  Saving current: outputs/yelp/ffm/FFM-Feb-09-2026_16-15-18.pth
Mon 09 Feb 2026 16:15:39 INFO  epoch 16 training [time: 0.37s, train loss: -113476.8184]
Mon 09 Feb 2026 16:15:39 INFO  epoch 16 evaluating [time: 0.04s, valid_score: 0.500000]
Mon 09 Feb 2026 16:15:39 INFO  valid result: 
auc : 0.5    logloss : -97.6779
Mon 09 Feb 2026 16:15:40 INFO  Saving current: outputs/yelp/ffm/FFM-Feb-09-2026_16-15-18.pth
Mon 09 Feb 2026 16:15:40 INFO  epoch 17 training [time: 0.38s, train loss: -127648.1780]
Mon 09 Feb 2026 16:15:41 INFO  epoch 17 evaluating [time: 0.04s, valid_score: 0.500000]
Mon 09 Feb 2026 16:15:41 INFO  valid result: 
auc : 0.5    logloss : -97.6779
Mon 09 Feb 2026 16:15:42 INFO  Saving current: outputs/yelp/ffm/FFM-Feb-09-2026_16-15-18.pth
Mon 09 Feb 2026 16:15:42 INFO  epoch 18 training [time: 0.38s, train loss: -142634.0342]
Mon 09 Feb 2026 16:15:42 INFO  epoch 18 evaluating [time: 0.04s, valid_score: 0.500000]
Mon 09 Feb 2026 16:15:42 INFO  valid result: 
auc : 0.5    logloss : -97.6779
Mon 09 Feb 2026 16:15:43 INFO  Saving current: outputs/yelp/ffm/FFM-Feb-09-2026_16-15-18.pth
Mon 09 Feb 2026 16:15:43 INFO  epoch 19 training [time: 0.37s, train loss: -158511.4287]
Mon 09 Feb 2026 16:15:43 INFO  epoch 19 evaluating [time: 0.04s, valid_score: 0.500000]
Mon 09 Feb 2026 16:15:43 INFO  valid result: 
auc : 0.5    logloss : -97.6779
Mon 09 Feb 2026 16:15:44 INFO  Saving current: outputs/yelp/ffm/FFM-Feb-09-2026_16-15-18.pth
Mon 09 Feb 2026 16:15:45 INFO  epoch 20 training [time: 0.38s, train loss: -174869.8062]
Mon 09 Feb 2026 16:15:45 INFO  epoch 20 evaluating [time: 0.04s, valid_score: 0.500000]
Mon 09 Feb 2026 16:15:45 INFO  valid result: 
auc : 0.5    logloss : -97.6779
Mon 09 Feb 2026 16:15:46 INFO  Saving current: outputs/yelp/ffm/FFM-Feb-09-2026_16-15-18.pth
Mon 09 Feb 2026 16:15:46 INFO  epoch 21 training [time: 0.38s, train loss: -192218.7881]
Mon 09 Feb 2026 16:15:46 INFO  epoch 21 evaluating [time: 0.04s, valid_score: 0.500000]
Mon 09 Feb 2026 16:15:46 INFO  valid result: 
auc : 0.5    logloss : -97.6779
Mon 09 Feb 2026 16:15:47 INFO  Saving current: outputs/yelp/ffm/FFM-Feb-09-2026_16-15-18.pth
Mon 09 Feb 2026 16:15:48 INFO  epoch 22 training [time: 0.38s, train loss: -210058.9653]
Mon 09 Feb 2026 16:15:48 INFO  epoch 22 evaluating [time: 0.04s, valid_score: 0.500000]
Mon 09 Feb 2026 16:15:48 INFO  valid result: 
auc : 0.5    logloss : -97.6779
Mon 09 Feb 2026 16:15:48 INFO  Saving current: outputs/yelp/ffm/FFM-Feb-09-2026_16-15-18.pth
Mon 09 Feb 2026 16:15:49 INFO  epoch 23 training [time: 0.37s, train loss: -228741.6987]
Mon 09 Feb 2026 16:15:49 INFO  epoch 23 evaluating [time: 0.04s, valid_score: 0.500000]
Mon 09 Feb 2026 16:15:49 INFO  valid result: 
auc : 0.5    logloss : -97.6779
Mon 09 Feb 2026 16:15:50 INFO  Saving current: outputs/yelp/ffm/FFM-Feb-09-2026_16-15-18.pth
Mon 09 Feb 2026 16:15:50 INFO  epoch 24 training [time: 0.38s, train loss: -248159.0098]
Mon 09 Feb 2026 16:15:50 INFO  epoch 24 evaluating [time: 0.04s, valid_score: 0.500000]
Mon 09 Feb 2026 16:15:50 INFO  valid result: 
auc : 0.5    logloss : -97.6779
Mon 09 Feb 2026 16:15:51 INFO  Saving current: outputs/yelp/ffm/FFM-Feb-09-2026_16-15-18.pth
Mon 09 Feb 2026 16:15:52 INFO  epoch 25 training [time: 0.38s, train loss: -268026.6553]
Mon 09 Feb 2026 16:15:52 INFO  epoch 25 evaluating [time: 0.04s, valid_score: 0.500000]
Mon 09 Feb 2026 16:15:52 INFO  valid result: 
auc : 0.5    logloss : -97.6779
Mon 09 Feb 2026 16:15:53 INFO  Saving current: outputs/yelp/ffm/FFM-Feb-09-2026_16-15-18.pth
Mon 09 Feb 2026 16:15:53 INFO  epoch 26 training [time: 0.38s, train loss: -289033.5366]
Mon 09 Feb 2026 16:15:53 INFO  epoch 26 evaluating [time: 0.04s, valid_score: 0.500000]
Mon 09 Feb 2026 16:15:53 INFO  valid result: 
auc : 0.5    logloss : -97.6779
Mon 09 Feb 2026 16:15:54 INFO  Saving current: outputs/yelp/ffm/FFM-Feb-09-2026_16-15-18.pth
Mon 09 Feb 2026 16:15:54 INFO  epoch 27 training [time: 0.38s, train loss: -310716.6279]
Mon 09 Feb 2026 16:15:54 INFO  epoch 27 evaluating [time: 0.04s, valid_score: 0.500000]
Mon 09 Feb 2026 16:15:54 INFO  valid result: 
auc : 0.5    logloss : -97.6779
Mon 09 Feb 2026 16:15:55 INFO  Saving current: outputs/yelp/ffm/FFM-Feb-09-2026_16-15-18.pth
Mon 09 Feb 2026 16:15:57 INFO  epoch 28 training [time: 1.12s, train loss: -332402.8389]
Mon 09 Feb 2026 16:15:57 INFO  epoch 28 evaluating [time: 0.05s, valid_score: 0.500000]
Mon 09 Feb 2026 16:15:57 INFO  valid result: 
auc : 0.5    logloss : -97.6779
Mon 09 Feb 2026 16:15:58 INFO  Saving current: outputs/yelp/ffm/FFM-Feb-09-2026_16-15-18.pth
Mon 09 Feb 2026 16:15:59 INFO  epoch 29 training [time: 1.10s, train loss: -355618.0928]
Mon 09 Feb 2026 16:15:59 INFO  epoch 29 evaluating [time: 0.05s, valid_score: 0.500000]
Mon 09 Feb 2026 16:15:59 INFO  valid result: 
auc : 0.5    logloss : -97.6779
Mon 09 Feb 2026 16:16:00 INFO  Saving current: outputs/yelp/ffm/FFM-Feb-09-2026_16-15-18.pth
Mon 09 Feb 2026 16:16:01 INFO  epoch 30 training [time: 1.09s, train loss: -379461.9277]
Mon 09 Feb 2026 16:16:01 INFO  epoch 30 evaluating [time: 0.04s, valid_score: 0.500000]
Mon 09 Feb 2026 16:16:01 INFO  valid result: 
auc : 0.5    logloss : -97.6779
Mon 09 Feb 2026 16:16:02 INFO  Saving current: outputs/yelp/ffm/FFM-Feb-09-2026_16-15-18.pth
Mon 09 Feb 2026 16:16:03 INFO  epoch 31 training [time: 1.13s, train loss: -403390.0234]
Mon 09 Feb 2026 16:16:03 INFO  epoch 31 evaluating [time: 0.04s, valid_score: 0.500000]
Mon 09 Feb 2026 16:16:03 INFO  valid result: 
auc : 0.5    logloss : -97.6779
Mon 09 Feb 2026 16:16:04 INFO  Saving current: outputs/yelp/ffm/FFM-Feb-09-2026_16-15-18.pth
Mon 09 Feb 2026 16:16:05 INFO  epoch 32 training [time: 1.12s, train loss: -428422.6621]
Mon 09 Feb 2026 16:16:05 INFO  epoch 32 evaluating [time: 0.04s, valid_score: 0.500000]
Mon 09 Feb 2026 16:16:05 INFO  valid result: 
auc : 0.5    logloss : -97.6779
Mon 09 Feb 2026 16:16:06 INFO  Saving current: outputs/yelp/ffm/FFM-Feb-09-2026_16-15-18.pth
Mon 09 Feb 2026 16:16:07 INFO  epoch 33 training [time: 1.12s, train loss: -453648.4453]
Mon 09 Feb 2026 16:16:07 INFO  epoch 33 evaluating [time: 0.04s, valid_score: 0.500000]
Mon 09 Feb 2026 16:16:07 INFO  valid result: 
auc : 0.5    logloss : -97.6779
Mon 09 Feb 2026 16:16:08 INFO  Saving current: outputs/yelp/ffm/FFM-Feb-09-2026_16-15-18.pth
Mon 09 Feb 2026 16:16:09 INFO  epoch 34 training [time: 1.12s, train loss: -479908.1436]
Mon 09 Feb 2026 16:16:09 INFO  epoch 34 evaluating [time: 0.05s, valid_score: 0.500000]
Mon 09 Feb 2026 16:16:09 INFO  valid result: 
auc : 0.5    logloss : -97.6779
Mon 09 Feb 2026 16:16:10 INFO  Saving current: outputs/yelp/ffm/FFM-Feb-09-2026_16-15-18.pth
Mon 09 Feb 2026 16:16:11 INFO  epoch 35 training [time: 1.11s, train loss: -506773.6797]
Mon 09 Feb 2026 16:16:11 INFO  epoch 35 evaluating [time: 0.04s, valid_score: 0.500000]
Mon 09 Feb 2026 16:16:11 INFO  valid result: 
auc : 0.5    logloss : -97.6779
Mon 09 Feb 2026 16:16:12 INFO  Saving current: outputs/yelp/ffm/FFM-Feb-09-2026_16-15-18.pth
Mon 09 Feb 2026 16:16:14 INFO  epoch 36 training [time: 1.11s, train loss: -533367.5137]
Mon 09 Feb 2026 16:16:14 INFO  epoch 36 evaluating [time: 0.04s, valid_score: 0.500000]
Mon 09 Feb 2026 16:16:14 INFO  valid result: 
auc : 0.5    logloss : -97.6779
Mon 09 Feb 2026 16:16:15 INFO  Saving current: outputs/yelp/ffm/FFM-Feb-09-2026_16-15-18.pth
Mon 09 Feb 2026 16:16:16 INFO  epoch 37 training [time: 1.10s, train loss: -561585.2783]
Mon 09 Feb 2026 16:16:16 INFO  epoch 37 evaluating [time: 0.05s, valid_score: 0.500000]
Mon 09 Feb 2026 16:16:16 INFO  valid result: 
auc : 0.5    logloss : -97.6779
Mon 09 Feb 2026 16:16:17 INFO  Saving current: outputs/yelp/ffm/FFM-Feb-09-2026_16-15-18.pth
Mon 09 Feb 2026 16:16:18 INFO  epoch 38 training [time: 1.11s, train loss: -590688.8721]
Mon 09 Feb 2026 16:16:18 INFO  epoch 38 evaluating [time: 0.04s, valid_score: 0.500000]
Mon 09 Feb 2026 16:16:18 INFO  valid result: 
auc : 0.5    logloss : -97.6779
Mon 09 Feb 2026 16:16:19 INFO  Saving current: outputs/yelp/ffm/FFM-Feb-09-2026_16-15-18.pth
Mon 09 Feb 2026 16:16:20 INFO  epoch 39 training [time: 1.11s, train loss: -619279.7461]
Mon 09 Feb 2026 16:16:20 INFO  epoch 39 evaluating [time: 0.05s, valid_score: 0.500000]
Mon 09 Feb 2026 16:16:20 INFO  valid result: 
auc : 0.5    logloss : -97.6779
Mon 09 Feb 2026 16:16:21 INFO  Saving current: outputs/yelp/ffm/FFM-Feb-09-2026_16-15-18.pth
Mon 09 Feb 2026 16:16:22 INFO  epoch 40 training [time: 1.12s, train loss: -649360.0332]
Mon 09 Feb 2026 16:16:22 INFO  epoch 40 evaluating [time: 0.05s, valid_score: 0.500000]
Mon 09 Feb 2026 16:16:22 INFO  valid result: 
auc : 0.5    logloss : -97.6779
Mon 09 Feb 2026 16:16:23 INFO  Saving current: outputs/yelp/ffm/FFM-Feb-09-2026_16-15-18.pth
Mon 09 Feb 2026 16:16:24 INFO  epoch 41 training [time: 1.12s, train loss: -679799.4590]
Mon 09 Feb 2026 16:16:24 INFO  epoch 41 evaluating [time: 0.05s, valid_score: 0.500000]
Mon 09 Feb 2026 16:16:24 INFO  valid result: 
auc : 0.5    logloss : -97.6779
Mon 09 Feb 2026 16:16:25 INFO  Saving current: outputs/yelp/ffm/FFM-Feb-09-2026_16-15-18.pth
Mon 09 Feb 2026 16:16:26 INFO  epoch 42 training [time: 1.11s, train loss: -710449.0996]
Mon 09 Feb 2026 16:16:26 INFO  epoch 42 evaluating [time: 0.05s, valid_score: 0.500000]
Mon 09 Feb 2026 16:16:26 INFO  valid result: 
auc : 0.5    logloss : -97.6779
Mon 09 Feb 2026 16:16:27 INFO  Saving current: outputs/yelp/ffm/FFM-Feb-09-2026_16-15-18.pth
Mon 09 Feb 2026 16:16:29 INFO  epoch 43 training [time: 1.11s, train loss: -741962.9961]
Mon 09 Feb 2026 16:16:29 INFO  epoch 43 evaluating [time: 0.04s, valid_score: 0.500000]
Mon 09 Feb 2026 16:16:29 INFO  valid result: 
auc : 0.5    logloss : -97.6779
Mon 09 Feb 2026 16:16:30 INFO  Saving current: outputs/yelp/ffm/FFM-Feb-09-2026_16-15-18.pth
Mon 09 Feb 2026 16:16:31 INFO  epoch 44 training [time: 1.12s, train loss: -774723.5273]
Mon 09 Feb 2026 16:16:31 INFO  epoch 44 evaluating [time: 0.04s, valid_score: 0.500000]
Mon 09 Feb 2026 16:16:31 INFO  valid result: 
auc : 0.5    logloss : -97.6779
Mon 09 Feb 2026 16:16:32 INFO  Saving current: outputs/yelp/ffm/FFM-Feb-09-2026_16-15-18.pth
Mon 09 Feb 2026 16:16:33 INFO  epoch 45 training [time: 1.11s, train loss: -807432.0293]
Mon 09 Feb 2026 16:16:33 INFO  epoch 45 evaluating [time: 0.04s, valid_score: 0.500000]
Mon 09 Feb 2026 16:16:33 INFO  valid result: 
auc : 0.5    logloss : -97.6779
Mon 09 Feb 2026 16:16:34 INFO  Saving current: outputs/yelp/ffm/FFM-Feb-09-2026_16-15-18.pth
Mon 09 Feb 2026 16:16:35 INFO  epoch 46 training [time: 1.12s, train loss: -839737.2793]
Mon 09 Feb 2026 16:16:35 INFO  epoch 46 evaluating [time: 0.05s, valid_score: 0.500000]
Mon 09 Feb 2026 16:16:35 INFO  valid result: 
auc : 0.5    logloss : -97.6779
Mon 09 Feb 2026 16:16:36 INFO  Saving current: outputs/yelp/ffm/FFM-Feb-09-2026_16-15-18.pth
Mon 09 Feb 2026 16:16:37 INFO  epoch 47 training [time: 1.11s, train loss: -873526.4590]
Mon 09 Feb 2026 16:16:37 INFO  epoch 47 evaluating [time: 0.04s, valid_score: 0.500000]
Mon 09 Feb 2026 16:16:37 INFO  valid result: 
auc : 0.5    logloss : -97.6779
Mon 09 Feb 2026 16:16:38 INFO  Saving current: outputs/yelp/ffm/FFM-Feb-09-2026_16-15-18.pth
Mon 09 Feb 2026 16:16:39 INFO  epoch 48 training [time: 1.11s, train loss: -907982.6074]
Mon 09 Feb 2026 16:16:39 INFO  epoch 48 evaluating [time: 0.04s, valid_score: 0.500000]
Mon 09 Feb 2026 16:16:39 INFO  valid result: 
auc : 0.5    logloss : -97.6779
Mon 09 Feb 2026 16:16:40 INFO  Saving current: outputs/yelp/ffm/FFM-Feb-09-2026_16-15-18.pth
Mon 09 Feb 2026 16:16:41 INFO  epoch 49 training [time: 1.11s, train loss: -942399.0430]
Mon 09 Feb 2026 16:16:41 INFO  epoch 49 evaluating [time: 0.04s, valid_score: 0.500000]
Mon 09 Feb 2026 16:16:41 INFO  valid result: 
auc : 0.5    logloss : -97.6779
Mon 09 Feb 2026 16:16:42 INFO  Saving current: outputs/yelp/ffm/FFM-Feb-09-2026_16-15-18.pth
Mon 09 Feb 2026 16:16:42 INFO  Loading model structure and parameters from outputs/yelp/ffm/FFM-Feb-09-2026_16-15-18.pth
Mon 09 Feb 2026 16:16:44 INFO  The running environment of this training is as follows:
+-------------+------------------+
| Environment |      Usage       |
+=============+==================+
| CPU         |      0.20 %      |
+-------------+------------------+
| GPU         |  0.86 G/23.56 G  |
+-------------+------------------+
| Memory      | 1.71 G/1006.54 G |
+-------------+------------------+
Mon 09 Feb 2026 16:16:44 INFO  best valid : OrderedDict([('auc', 0.5), ('logloss', -97.6779)])
Mon 09 Feb 2026 16:16:44 INFO  test result: OrderedDict([('auc', 0.5), ('logloss', -103.225)])
Mon 09 Feb 2026 16:16:44 INFO  ['/home/bari/Evaluate-CARS/src/pipelines/yelp_pipeline.py']
Mon 09 Feb 2026 16:16:44 INFO  
General Hyper Parameters:
gpu_id = 0
use_gpu = True
seed = 2024
state = INFO
reproducibility = True
data_path = datasets/yelp/recbole/yelp
checkpoint_dir = outputs/yelp/afm
show_progress = True
save_dataset = False
dataset_save_path = None
save_dataloaders = False
dataloaders_save_path = None
log_wandb = False

Training Hyper Parameters:
epochs = 50
train_batch_size = 2048
learner = adam
learning_rate = 0.001
train_neg_sample_args = {'distribution': 'none', 'sample_num': 'none', 'alpha': 'none', 'dynamic': False, 'candidate_num': 0}
eval_step = 1
stopping_step = 10
clip_grad_norm = None
weight_decay = 0.0
loss_decimal_place = 4

Evaluation Hyper Parameters:
eval_args = {'split': {'RS': [1.0, 0.0, 0.0]}, 'order': 'RO', 'group_by': 'user', 'mode': {'valid': 'labeled', 'test': 'labeled'}}
repeatable = False
metrics = ['AUC', 'LogLoss']
topk = [10]
valid_metric = AUC
valid_metric_bigger = True
eval_batch_size = 4096
metric_decimal_place = 4

Dataset Hyper Parameters:
field_separator = 	
seq_separator =  
USER_ID_FIELD = user_id
ITEM_ID_FIELD = item_id
RATING_FIELD = rating
TIME_FIELD = timestamp
seq_len = None
LABEL_FIELD = label
threshold = None
NEG_PREFIX = neg_
load_col = {'inter': ['user_id', 'item_id', 'label', 'hour_of_day', 'day_of_week', 'is_weekend', 'city', 'category', 'price_range']}
unload_col = None
unused_col = None
additional_feat_suffix = None
rm_dup_inter = None
val_interval = None
filter_inter_by_user_or_item = True
user_inter_num_interval = [0,inf)
item_inter_num_interval = [0,inf)
alias_of_user_id = None
alias_of_item_id = None
alias_of_entity_id = None
alias_of_relation_id = None
preload_weight = None
normalize_field = None
normalize_all = None
ITEM_LIST_LENGTH_FIELD = item_length
LIST_SUFFIX = _list
MAX_ITEM_LIST_LENGTH = 50
POSITION_FIELD = position_id
HEAD_ENTITY_ID_FIELD = head_id
TAIL_ENTITY_ID_FIELD = tail_id
RELATION_ID_FIELD = relation_id
ENTITY_ID_FIELD = entity_id
benchmark_filename = ['train', 'valid', 'test']

Other Hyper Parameters: 
worker = 0
wandb_project = recbole
shuffle = True
require_pow = False
enable_amp = False
enable_scaler = False
transform = None
embedding_size = 64
attention_size = 64
dropout_prob = 0.1
reg_weight = 0.0001
numerical_features = []
discretization = None
kg_reverse_r = False
entity_kg_num_interval = [0,inf)
relation_kg_num_interval = [0,inf)
MODEL_TYPE = ModelType.CONTEXT
device = cuda
MODEL_INPUT_TYPE = InputType.POINTWISE
eval_type = EvaluatorType.VALUE
single_spec = True
local_rank = 0
valid_neg_sample_args = {'distribution': 'none', 'sample_num': 'none'}
test_neg_sample_args = {'distribution': 'none', 'sample_num': 'none'}


Mon 09 Feb 2026 16:16:44 INFO  yelp
The number of users: 4804
Average actions of users: 20.820320632937747
The number of items: 22234
Average actions of items: 4.49781855799937
The number of inters: 100000
The sparsity of the dataset: 99.90637767977975%
Remain Fields: ['user_id', 'item_id', 'label', 'hour_of_day', 'day_of_week', 'is_weekend', 'city', 'category', 'price_range']
Mon 09 Feb 2026 16:16:44 INFO  [Training]: train_batch_size = [2048] train_neg_sample_args: [{'distribution': 'none', 'sample_num': 'none', 'alpha': 'none', 'dynamic': False, 'candidate_num': 0}]
Mon 09 Feb 2026 16:16:44 INFO  [Evaluation]: eval_batch_size = [4096] eval_args: [{'split': {'RS': [1.0, 0.0, 0.0]}, 'order': 'RO', 'group_by': 'user', 'mode': {'valid': 'labeled', 'test': 'labeled'}}]
Mon 09 Feb 2026 16:16:44 INFO  AFM(
  (token_embedding_table): FMEmbedding(
    (embedding): Embedding(27735, 64)
  )
  (first_order_linear): FMFirstOrderLinear(
    (token_embedding_table): FMEmbedding(
      (embedding): Embedding(27735, 1)
    )
  )
  (attlayer): AttLayer(
    (w): Linear(in_features=64, out_features=64, bias=False)
  )
  (dropout_layer): Dropout(p=0.1, inplace=False)
  (sigmoid): Sigmoid()
  (loss): BCEWithLogitsLoss()
)
Trainable parameters: 1807000
Mon 09 Feb 2026 16:16:44 INFO  FLOPs: 115208.0
Mon 09 Feb 2026 16:16:44 INFO  epoch 0 training [time: 0.42s, train loss: 5.8004]
Mon 09 Feb 2026 16:16:44 INFO  epoch 0 evaluating [time: 0.03s, valid_score: 0.455000]
Mon 09 Feb 2026 16:16:44 INFO  valid result: 
auc : 0.455    logloss : -0.1826
Mon 09 Feb 2026 16:16:45 INFO  Saving current: outputs/yelp/afm/AFM-Feb-09-2026_16-16-44.pth
Mon 09 Feb 2026 16:16:45 INFO  epoch 1 training [time: 0.35s, train loss: -37.6198]
Mon 09 Feb 2026 16:16:45 INFO  epoch 1 evaluating [time: 0.03s, valid_score: 0.417500]
Mon 09 Feb 2026 16:16:45 INFO  valid result: 
auc : 0.4175    logloss : -1.496
Mon 09 Feb 2026 16:16:45 INFO  epoch 2 training [time: 0.33s, train loss: -123.6812]
Mon 09 Feb 2026 16:16:45 INFO  epoch 2 evaluating [time: 0.03s, valid_score: 0.469500]
Mon 09 Feb 2026 16:16:45 INFO  valid result: 
auc : 0.4695    logloss : -5.5682
Mon 09 Feb 2026 16:16:45 INFO  Saving current: outputs/yelp/afm/AFM-Feb-09-2026_16-16-44.pth
Mon 09 Feb 2026 16:16:46 INFO  epoch 3 training [time: 0.38s, train loss: -308.2165]
Mon 09 Feb 2026 16:16:46 INFO  epoch 3 evaluating [time: 0.03s, valid_score: 0.470900]
Mon 09 Feb 2026 16:16:46 INFO  valid result: 
auc : 0.4709    logloss : -12.0673
Mon 09 Feb 2026 16:16:46 INFO  Saving current: outputs/yelp/afm/AFM-Feb-09-2026_16-16-44.pth
Mon 09 Feb 2026 16:16:46 INFO  epoch 4 training [time: 0.38s, train loss: -564.9872]
Mon 09 Feb 2026 16:16:46 INFO  epoch 4 evaluating [time: 0.03s, valid_score: 0.464400]
Mon 09 Feb 2026 16:16:46 INFO  valid result: 
auc : 0.4644    logloss : -20.4887
Mon 09 Feb 2026 16:16:47 INFO  epoch 5 training [time: 0.32s, train loss: -893.4607]
Mon 09 Feb 2026 16:16:47 INFO  epoch 5 evaluating [time: 0.03s, valid_score: 0.463400]
Mon 09 Feb 2026 16:16:47 INFO  valid result: 
auc : 0.4634    logloss : -31.2418
Mon 09 Feb 2026 16:16:47 INFO  epoch 6 training [time: 0.33s, train loss: -1309.9158]
Mon 09 Feb 2026 16:16:47 INFO  epoch 6 evaluating [time: 0.03s, valid_score: 0.493900]
Mon 09 Feb 2026 16:16:47 INFO  valid result: 
auc : 0.4939    logloss : -44.3215
Mon 09 Feb 2026 16:16:47 INFO  Saving current: outputs/yelp/afm/AFM-Feb-09-2026_16-16-44.pth
Mon 09 Feb 2026 16:16:48 INFO  epoch 7 training [time: 0.37s, train loss: -1825.7741]
Mon 09 Feb 2026 16:16:48 INFO  epoch 7 evaluating [time: 0.03s, valid_score: 0.500200]
Mon 09 Feb 2026 16:16:48 INFO  valid result: 
auc : 0.5002    logloss : -95.7974
Mon 09 Feb 2026 16:16:48 INFO  Saving current: outputs/yelp/afm/AFM-Feb-09-2026_16-16-44.pth
Mon 09 Feb 2026 16:16:48 INFO  epoch 8 training [time: 0.38s, train loss: -2451.3959]
Mon 09 Feb 2026 16:16:48 INFO  epoch 8 evaluating [time: 0.03s, valid_score: 0.500100]
Mon 09 Feb 2026 16:16:48 INFO  valid result: 
auc : 0.5001    logloss : -96.3359
Mon 09 Feb 2026 16:16:48 INFO  epoch 9 training [time: 0.33s, train loss: -3198.2599]
Mon 09 Feb 2026 16:16:48 INFO  epoch 9 evaluating [time: 0.03s, valid_score: 0.498100]
Mon 09 Feb 2026 16:16:48 INFO  valid result: 
auc : 0.4981    logloss : -97.3806
Mon 09 Feb 2026 16:16:49 INFO  epoch 10 training [time: 0.32s, train loss: -4085.0162]
Mon 09 Feb 2026 16:16:49 INFO  epoch 10 evaluating [time: 0.03s, valid_score: 0.498600]
Mon 09 Feb 2026 16:16:49 INFO  valid result: 
auc : 0.4986    logloss : -97.5094
Mon 09 Feb 2026 16:16:49 INFO  epoch 11 training [time: 0.33s, train loss: -5111.5853]
Mon 09 Feb 2026 16:16:49 INFO  epoch 11 evaluating [time: 0.03s, valid_score: 0.498500]
Mon 09 Feb 2026 16:16:49 INFO  valid result: 
auc : 0.4985    logloss : -97.5304
Mon 09 Feb 2026 16:16:49 INFO  epoch 12 training [time: 0.32s, train loss: -6297.4661]
Mon 09 Feb 2026 16:16:49 INFO  epoch 12 evaluating [time: 0.03s, valid_score: 0.498500]
Mon 09 Feb 2026 16:16:49 INFO  valid result: 
auc : 0.4985    logloss : -97.5406
Mon 09 Feb 2026 16:16:50 INFO  epoch 13 training [time: 0.32s, train loss: -7650.9325]
Mon 09 Feb 2026 16:16:50 INFO  epoch 13 evaluating [time: 0.03s, valid_score: 0.498500]
Mon 09 Feb 2026 16:16:50 INFO  valid result: 
auc : 0.4985    logloss : -97.5487
Mon 09 Feb 2026 16:16:50 INFO  epoch 14 training [time: 0.34s, train loss: -9186.2228]
Mon 09 Feb 2026 16:16:50 INFO  epoch 14 evaluating [time: 0.03s, valid_score: 0.498500]
Mon 09 Feb 2026 16:16:50 INFO  valid result: 
auc : 0.4985    logloss : -97.5577
Mon 09 Feb 2026 16:16:51 INFO  epoch 15 training [time: 0.33s, train loss: -10901.4980]
Mon 09 Feb 2026 16:16:51 INFO  epoch 15 evaluating [time: 0.03s, valid_score: 0.500100]
Mon 09 Feb 2026 16:16:51 INFO  valid result: 
auc : 0.5001    logloss : -97.6643
Mon 09 Feb 2026 16:16:51 INFO  epoch 16 training [time: 0.33s, train loss: -12837.5129]
Mon 09 Feb 2026 16:16:51 INFO  epoch 16 evaluating [time: 0.03s, valid_score: 0.500000]
Mon 09 Feb 2026 16:16:51 INFO  valid result: 
auc : 0.5    logloss : -97.6779
Mon 09 Feb 2026 16:16:51 INFO  epoch 17 training [time: 0.37s, train loss: -14958.3617]
Mon 09 Feb 2026 16:16:51 INFO  epoch 17 evaluating [time: 0.03s, valid_score: 0.500000]
Mon 09 Feb 2026 16:16:51 INFO  valid result: 
auc : 0.5    logloss : -97.6779
Mon 09 Feb 2026 16:16:52 INFO  epoch 18 training [time: 0.35s, train loss: -17290.6796]
Mon 09 Feb 2026 16:16:52 INFO  epoch 18 evaluating [time: 0.03s, valid_score: 0.500000]
Mon 09 Feb 2026 16:16:52 INFO  valid result: 
auc : 0.5    logloss : -97.6779
Mon 09 Feb 2026 16:16:52 INFO  Finished training, best eval result in epoch 7
Mon 09 Feb 2026 16:16:52 INFO  Loading model structure and parameters from outputs/yelp/afm/AFM-Feb-09-2026_16-16-44.pth
Mon 09 Feb 2026 16:16:53 INFO  The running environment of this training is as follows:
+-------------+------------------+
| Environment |      Usage       |
+=============+==================+
| CPU         |      0.00 %      |
+-------------+------------------+
| GPU         |  0.94 G/23.56 G  |
+-------------+------------------+
| Memory      | 1.76 G/1006.54 G |
+-------------+------------------+
Mon 09 Feb 2026 16:16:53 INFO  best valid : OrderedDict([('auc', 0.5002), ('logloss', -95.7974)])
Mon 09 Feb 2026 16:16:53 INFO  test result: OrderedDict([('auc', 0.4975), ('logloss', -100.93)])
Mon 09 Feb 2026 16:16:53 INFO  ['/home/bari/Evaluate-CARS/src/pipelines/yelp_pipeline.py']
Mon 09 Feb 2026 16:16:53 INFO  
General Hyper Parameters:
gpu_id = 0
use_gpu = True
seed = 2024
state = INFO
reproducibility = True
data_path = datasets/yelp/recbole/yelp
checkpoint_dir = outputs/yelp/fwfm
show_progress = True
save_dataset = False
dataset_save_path = None
save_dataloaders = False
dataloaders_save_path = None
log_wandb = False

Training Hyper Parameters:
epochs = 50
train_batch_size = 2048
learner = adam
learning_rate = 0.001
train_neg_sample_args = {'distribution': 'none', 'sample_num': 'none', 'alpha': 'none', 'dynamic': False, 'candidate_num': 0}
eval_step = 1
stopping_step = 10
clip_grad_norm = None
weight_decay = 0.0
loss_decimal_place = 4

Evaluation Hyper Parameters:
eval_args = {'split': {'RS': [1.0, 0.0, 0.0]}, 'order': 'RO', 'group_by': 'user', 'mode': {'valid': 'labeled', 'test': 'labeled'}}
repeatable = False
metrics = ['AUC', 'LogLoss']
topk = [10]
valid_metric = AUC
valid_metric_bigger = True
eval_batch_size = 4096
metric_decimal_place = 4

Dataset Hyper Parameters:
field_separator = 	
seq_separator =  
USER_ID_FIELD = user_id
ITEM_ID_FIELD = item_id
RATING_FIELD = rating
TIME_FIELD = timestamp
seq_len = None
LABEL_FIELD = label
threshold = None
NEG_PREFIX = neg_
load_col = {'inter': ['user_id', 'item_id', 'label', 'hour_of_day', 'day_of_week', 'is_weekend', 'city', 'category', 'price_range']}
unload_col = None
unused_col = None
additional_feat_suffix = None
rm_dup_inter = None
val_interval = None
filter_inter_by_user_or_item = True
user_inter_num_interval = [0,inf)
item_inter_num_interval = [0,inf)
alias_of_user_id = None
alias_of_item_id = None
alias_of_entity_id = None
alias_of_relation_id = None
preload_weight = None
normalize_field = None
normalize_all = None
ITEM_LIST_LENGTH_FIELD = item_length
LIST_SUFFIX = _list
MAX_ITEM_LIST_LENGTH = 50
POSITION_FIELD = position_id
HEAD_ENTITY_ID_FIELD = head_id
TAIL_ENTITY_ID_FIELD = tail_id
RELATION_ID_FIELD = relation_id
ENTITY_ID_FIELD = entity_id
benchmark_filename = ['train', 'valid', 'test']

Other Hyper Parameters: 
worker = 0
wandb_project = recbole
shuffle = True
require_pow = False
enable_amp = False
enable_scaler = False
transform = None
embedding_size = 64
dropout_prob = 0.0
fields = None
numerical_features = []
discretization = None
kg_reverse_r = False
entity_kg_num_interval = [0,inf)
relation_kg_num_interval = [0,inf)
MODEL_TYPE = ModelType.CONTEXT
reg_weight = 0.0001
device = cuda
MODEL_INPUT_TYPE = InputType.POINTWISE
eval_type = EvaluatorType.VALUE
single_spec = True
local_rank = 0
valid_neg_sample_args = {'distribution': 'none', 'sample_num': 'none'}
test_neg_sample_args = {'distribution': 'none', 'sample_num': 'none'}


Mon 09 Feb 2026 16:16:53 INFO  yelp
The number of users: 4804
Average actions of users: 20.820320632937747
The number of items: 22234
Average actions of items: 4.49781855799937
The number of inters: 100000
The sparsity of the dataset: 99.90637767977975%
Remain Fields: ['user_id', 'item_id', 'label', 'hour_of_day', 'day_of_week', 'is_weekend', 'city', 'category', 'price_range']
Mon 09 Feb 2026 16:16:53 INFO  [Training]: train_batch_size = [2048] train_neg_sample_args: [{'distribution': 'none', 'sample_num': 'none', 'alpha': 'none', 'dynamic': False, 'candidate_num': 0}]
Mon 09 Feb 2026 16:16:53 INFO  [Evaluation]: eval_batch_size = [4096] eval_args: [{'split': {'RS': [1.0, 0.0, 0.0]}, 'order': 'RO', 'group_by': 'user', 'mode': {'valid': 'labeled', 'test': 'labeled'}}]
Mon 09 Feb 2026 16:16:53 INFO  FwFM(
  (token_embedding_table): FMEmbedding(
    (embedding): Embedding(27735, 64)
  )
  (first_order_linear): FMFirstOrderLinear(
    (token_embedding_table): FMEmbedding(
      (embedding): Embedding(27735, 1)
    )
  )
  (dropout_layer): Dropout(p=0.0, inplace=False)
  (sigmoid): Sigmoid()
  (loss): BCEWithLogitsLoss()
)
Trainable parameters: 1802776
Mon 09 Feb 2026 16:16:54 INFO  FLOPs: 520.0
Mon 09 Feb 2026 16:16:55 INFO  epoch 0 training [time: 1.24s, train loss: -17.0246]
Mon 09 Feb 2026 16:16:55 INFO  epoch 0 evaluating [time: 0.05s, valid_score: 0.394900]
Mon 09 Feb 2026 16:16:55 INFO  valid result: 
auc : 0.3949    logloss : -1.8329
Mon 09 Feb 2026 16:16:55 INFO  Saving current: outputs/yelp/fwfm/FwFM-Feb-09-2026_16-16-54.pth
Mon 09 Feb 2026 16:16:56 INFO  epoch 1 training [time: 1.24s, train loss: -232.2299]
Mon 09 Feb 2026 16:16:56 INFO  epoch 1 evaluating [time: 0.05s, valid_score: 0.395100]
Mon 09 Feb 2026 16:16:56 INFO  valid result: 
auc : 0.3951    logloss : -8.9778
Mon 09 Feb 2026 16:16:56 INFO  Saving current: outputs/yelp/fwfm/FwFM-Feb-09-2026_16-16-54.pth
Mon 09 Feb 2026 16:16:58 INFO  epoch 2 training [time: 1.30s, train loss: -710.7738]
Mon 09 Feb 2026 16:16:58 INFO  epoch 2 evaluating [time: 0.05s, valid_score: 0.395400]
Mon 09 Feb 2026 16:16:58 INFO  valid result: 
auc : 0.3954    logloss : -21.9314
Mon 09 Feb 2026 16:16:58 INFO  Saving current: outputs/yelp/fwfm/FwFM-Feb-09-2026_16-16-54.pth
Mon 09 Feb 2026 16:16:59 INFO  epoch 3 training [time: 1.32s, train loss: -1522.1700]
Mon 09 Feb 2026 16:16:59 INFO  epoch 3 evaluating [time: 0.05s, valid_score: 0.398000]
Mon 09 Feb 2026 16:16:59 INFO  valid result: 
auc : 0.398    logloss : -47.8646
Mon 09 Feb 2026 16:16:59 INFO  Saving current: outputs/yelp/fwfm/FwFM-Feb-09-2026_16-16-54.pth
Mon 09 Feb 2026 16:17:01 INFO  epoch 4 training [time: 1.30s, train loss: -2680.5543]
Mon 09 Feb 2026 16:17:01 INFO  epoch 4 evaluating [time: 0.05s, valid_score: 0.492700]
Mon 09 Feb 2026 16:17:01 INFO  valid result: 
auc : 0.4927    logloss : -96.0224
Mon 09 Feb 2026 16:17:01 INFO  Saving current: outputs/yelp/fwfm/FwFM-Feb-09-2026_16-16-54.pth
Mon 09 Feb 2026 16:17:02 INFO  epoch 5 training [time: 1.26s, train loss: -4192.2858]
Mon 09 Feb 2026 16:17:02 INFO  epoch 5 evaluating [time: 0.05s, valid_score: 0.497800]
Mon 09 Feb 2026 16:17:02 INFO  valid result: 
auc : 0.4978    logloss : -97.5426
Mon 09 Feb 2026 16:17:02 INFO  Saving current: outputs/yelp/fwfm/FwFM-Feb-09-2026_16-16-54.pth
Mon 09 Feb 2026 16:17:03 INFO  epoch 6 training [time: 1.29s, train loss: -6050.4730]
Mon 09 Feb 2026 16:17:03 INFO  epoch 6 evaluating [time: 0.05s, valid_score: 0.500000]
Mon 09 Feb 2026 16:17:03 INFO  valid result: 
auc : 0.5    logloss : -97.6779
Mon 09 Feb 2026 16:17:04 INFO  Saving current: outputs/yelp/fwfm/FwFM-Feb-09-2026_16-16-54.pth
Mon 09 Feb 2026 16:17:05 INFO  epoch 7 training [time: 1.30s, train loss: -8243.6141]
Mon 09 Feb 2026 16:17:05 INFO  epoch 7 evaluating [time: 0.05s, valid_score: 0.500000]
Mon 09 Feb 2026 16:17:05 INFO  valid result: 
auc : 0.5    logloss : -97.6779
Mon 09 Feb 2026 16:17:05 INFO  Saving current: outputs/yelp/fwfm/FwFM-Feb-09-2026_16-16-54.pth
Mon 09 Feb 2026 16:17:06 INFO  epoch 8 training [time: 1.30s, train loss: -10756.7941]
Mon 09 Feb 2026 16:17:06 INFO  epoch 8 evaluating [time: 0.05s, valid_score: 0.500000]
Mon 09 Feb 2026 16:17:06 INFO  valid result: 
auc : 0.5    logloss : -97.6779
Mon 09 Feb 2026 16:17:06 INFO  Saving current: outputs/yelp/fwfm/FwFM-Feb-09-2026_16-16-54.pth
Mon 09 Feb 2026 16:17:08 INFO  epoch 9 training [time: 1.28s, train loss: -13588.8946]
Mon 09 Feb 2026 16:17:08 INFO  epoch 9 evaluating [time: 0.05s, valid_score: 0.500000]
Mon 09 Feb 2026 16:17:08 INFO  valid result: 
auc : 0.5    logloss : -97.6779
Mon 09 Feb 2026 16:17:08 INFO  Saving current: outputs/yelp/fwfm/FwFM-Feb-09-2026_16-16-54.pth
Mon 09 Feb 2026 16:17:09 INFO  epoch 10 training [time: 1.28s, train loss: -16754.1671]
Mon 09 Feb 2026 16:17:09 INFO  epoch 10 evaluating [time: 0.05s, valid_score: 0.500000]
Mon 09 Feb 2026 16:17:09 INFO  valid result: 
auc : 0.5    logloss : -97.6779
Mon 09 Feb 2026 16:17:09 INFO  Saving current: outputs/yelp/fwfm/FwFM-Feb-09-2026_16-16-54.pth
Mon 09 Feb 2026 16:17:11 INFO  epoch 11 training [time: 1.32s, train loss: -20212.9405]
Mon 09 Feb 2026 16:17:11 INFO  epoch 11 evaluating [time: 0.05s, valid_score: 0.500000]
Mon 09 Feb 2026 16:17:11 INFO  valid result: 
auc : 0.5    logloss : -97.6779
Mon 09 Feb 2026 16:17:11 INFO  Saving current: outputs/yelp/fwfm/FwFM-Feb-09-2026_16-16-54.pth
Mon 09 Feb 2026 16:17:12 INFO  epoch 12 training [time: 1.29s, train loss: -23983.4464]
Mon 09 Feb 2026 16:17:12 INFO  epoch 12 evaluating [time: 0.05s, valid_score: 0.500000]
Mon 09 Feb 2026 16:17:12 INFO  valid result: 
auc : 0.5    logloss : -97.6779
Mon 09 Feb 2026 16:17:12 INFO  Saving current: outputs/yelp/fwfm/FwFM-Feb-09-2026_16-16-54.pth
Mon 09 Feb 2026 16:17:14 INFO  epoch 13 training [time: 1.29s, train loss: -28061.4792]
Mon 09 Feb 2026 16:17:14 INFO  epoch 13 evaluating [time: 0.05s, valid_score: 0.500000]
Mon 09 Feb 2026 16:17:14 INFO  valid result: 
auc : 0.5    logloss : -97.6779
Mon 09 Feb 2026 16:17:14 INFO  Saving current: outputs/yelp/fwfm/FwFM-Feb-09-2026_16-16-54.pth
Mon 09 Feb 2026 16:17:15 INFO  epoch 14 training [time: 1.30s, train loss: -32447.8583]
Mon 09 Feb 2026 16:17:15 INFO  epoch 14 evaluating [time: 0.05s, valid_score: 0.500000]
Mon 09 Feb 2026 16:17:15 INFO  valid result: 
auc : 0.5    logloss : -97.6779
Mon 09 Feb 2026 16:17:15 INFO  Saving current: outputs/yelp/fwfm/FwFM-Feb-09-2026_16-16-54.pth
Mon 09 Feb 2026 16:17:17 INFO  epoch 15 training [time: 1.30s, train loss: -37100.7733]
Mon 09 Feb 2026 16:17:17 INFO  epoch 15 evaluating [time: 0.05s, valid_score: 0.500000]
Mon 09 Feb 2026 16:17:17 INFO  valid result: 
auc : 0.5    logloss : -97.6779
Mon 09 Feb 2026 16:17:17 INFO  Saving current: outputs/yelp/fwfm/FwFM-Feb-09-2026_16-16-54.pth
Mon 09 Feb 2026 16:17:18 INFO  epoch 16 training [time: 1.28s, train loss: -42131.2651]
Mon 09 Feb 2026 16:17:18 INFO  epoch 16 evaluating [time: 0.05s, valid_score: 0.500000]
Mon 09 Feb 2026 16:17:18 INFO  valid result: 
auc : 0.5    logloss : -97.6779
Mon 09 Feb 2026 16:17:18 INFO  Saving current: outputs/yelp/fwfm/FwFM-Feb-09-2026_16-16-54.pth
Mon 09 Feb 2026 16:17:19 INFO  epoch 17 training [time: 1.32s, train loss: -47368.5820]
Mon 09 Feb 2026 16:17:19 INFO  epoch 17 evaluating [time: 0.05s, valid_score: 0.500000]
Mon 09 Feb 2026 16:17:19 INFO  valid result: 
auc : 0.5    logloss : -97.6779
Mon 09 Feb 2026 16:17:20 INFO  Saving current: outputs/yelp/fwfm/FwFM-Feb-09-2026_16-16-54.pth
Mon 09 Feb 2026 16:17:21 INFO  epoch 18 training [time: 1.31s, train loss: -52903.2747]
Mon 09 Feb 2026 16:17:21 INFO  epoch 18 evaluating [time: 0.05s, valid_score: 0.500000]
Mon 09 Feb 2026 16:17:21 INFO  valid result: 
auc : 0.5    logloss : -97.6779
Mon 09 Feb 2026 16:17:21 INFO  Saving current: outputs/yelp/fwfm/FwFM-Feb-09-2026_16-16-54.pth
Mon 09 Feb 2026 16:17:22 INFO  epoch 19 training [time: 1.30s, train loss: -58765.0706]
Mon 09 Feb 2026 16:17:22 INFO  epoch 19 evaluating [time: 0.05s, valid_score: 0.500000]
Mon 09 Feb 2026 16:17:22 INFO  valid result: 
auc : 0.5    logloss : -97.6779
Mon 09 Feb 2026 16:17:23 INFO  Saving current: outputs/yelp/fwfm/FwFM-Feb-09-2026_16-16-54.pth
Mon 09 Feb 2026 16:17:24 INFO  epoch 20 training [time: 1.28s, train loss: -64802.8408]
Mon 09 Feb 2026 16:17:24 INFO  epoch 20 evaluating [time: 0.05s, valid_score: 0.500000]
Mon 09 Feb 2026 16:17:24 INFO  valid result: 
auc : 0.5    logloss : -97.6779
Mon 09 Feb 2026 16:17:24 INFO  Saving current: outputs/yelp/fwfm/FwFM-Feb-09-2026_16-16-54.pth
Mon 09 Feb 2026 16:17:25 INFO  epoch 21 training [time: 1.29s, train loss: -71208.0430]
Mon 09 Feb 2026 16:17:25 INFO  epoch 21 evaluating [time: 0.05s, valid_score: 0.500000]
Mon 09 Feb 2026 16:17:25 INFO  valid result: 
auc : 0.5    logloss : -97.6779
Mon 09 Feb 2026 16:17:25 INFO  Saving current: outputs/yelp/fwfm/FwFM-Feb-09-2026_16-16-54.pth
Mon 09 Feb 2026 16:17:27 INFO  epoch 22 training [time: 1.30s, train loss: -77788.0076]
Mon 09 Feb 2026 16:17:27 INFO  epoch 22 evaluating [time: 0.05s, valid_score: 0.500000]
Mon 09 Feb 2026 16:17:27 INFO  valid result: 
auc : 0.5    logloss : -97.6779
Mon 09 Feb 2026 16:17:27 INFO  Saving current: outputs/yelp/fwfm/FwFM-Feb-09-2026_16-16-54.pth
Mon 09 Feb 2026 16:17:28 INFO  epoch 23 training [time: 1.31s, train loss: -84681.5803]
Mon 09 Feb 2026 16:17:28 INFO  epoch 23 evaluating [time: 0.05s, valid_score: 0.500000]
Mon 09 Feb 2026 16:17:28 INFO  valid result: 
auc : 0.5    logloss : -97.6779
Mon 09 Feb 2026 16:17:28 INFO  Saving current: outputs/yelp/fwfm/FwFM-Feb-09-2026_16-16-54.pth
Mon 09 Feb 2026 16:17:30 INFO  epoch 24 training [time: 1.31s, train loss: -91841.6506]
Mon 09 Feb 2026 16:17:30 INFO  epoch 24 evaluating [time: 0.05s, valid_score: 0.500000]
Mon 09 Feb 2026 16:17:30 INFO  valid result: 
auc : 0.5    logloss : -97.6779
Mon 09 Feb 2026 16:17:30 INFO  Saving current: outputs/yelp/fwfm/FwFM-Feb-09-2026_16-16-54.pth
Mon 09 Feb 2026 16:17:31 INFO  epoch 25 training [time: 1.30s, train loss: -99166.1477]
Mon 09 Feb 2026 16:17:31 INFO  epoch 25 evaluating [time: 0.05s, valid_score: 0.500000]
Mon 09 Feb 2026 16:17:31 INFO  valid result: 
auc : 0.5    logloss : -97.6779
Mon 09 Feb 2026 16:17:31 INFO  Saving current: outputs/yelp/fwfm/FwFM-Feb-09-2026_16-16-54.pth
Mon 09 Feb 2026 16:17:32 INFO  epoch 26 training [time: 0.45s, train loss: -106912.1682]
Mon 09 Feb 2026 16:17:32 INFO  epoch 26 evaluating [time: 0.04s, valid_score: 0.500000]
Mon 09 Feb 2026 16:17:32 INFO  valid result: 
auc : 0.5    logloss : -97.6779
Mon 09 Feb 2026 16:17:32 INFO  Saving current: outputs/yelp/fwfm/FwFM-Feb-09-2026_16-16-54.pth
Mon 09 Feb 2026 16:17:32 INFO  epoch 27 training [time: 0.44s, train loss: -114902.7366]
Mon 09 Feb 2026 16:17:32 INFO  epoch 27 evaluating [time: 0.04s, valid_score: 0.500000]
Mon 09 Feb 2026 16:17:32 INFO  valid result: 
auc : 0.5    logloss : -97.6779
Mon 09 Feb 2026 16:17:32 INFO  Saving current: outputs/yelp/fwfm/FwFM-Feb-09-2026_16-16-54.pth
Mon 09 Feb 2026 16:17:33 INFO  epoch 28 training [time: 0.44s, train loss: -122902.5583]
Mon 09 Feb 2026 16:17:33 INFO  epoch 28 evaluating [time: 0.04s, valid_score: 0.500000]
Mon 09 Feb 2026 16:17:33 INFO  valid result: 
auc : 0.5    logloss : -97.6779
Mon 09 Feb 2026 16:17:33 INFO  Saving current: outputs/yelp/fwfm/FwFM-Feb-09-2026_16-16-54.pth
Mon 09 Feb 2026 16:17:33 INFO  epoch 29 training [time: 0.44s, train loss: -131452.8347]
Mon 09 Feb 2026 16:17:33 INFO  epoch 29 evaluating [time: 0.04s, valid_score: 0.500000]
Mon 09 Feb 2026 16:17:33 INFO  valid result: 
auc : 0.5    logloss : -97.6779
Mon 09 Feb 2026 16:17:34 INFO  Saving current: outputs/yelp/fwfm/FwFM-Feb-09-2026_16-16-54.pth
Mon 09 Feb 2026 16:17:34 INFO  epoch 30 training [time: 0.44s, train loss: -140248.8560]
Mon 09 Feb 2026 16:17:34 INFO  epoch 30 evaluating [time: 0.04s, valid_score: 0.500000]
Mon 09 Feb 2026 16:17:34 INFO  valid result: 
auc : 0.5    logloss : -97.6779
Mon 09 Feb 2026 16:17:34 INFO  Saving current: outputs/yelp/fwfm/FwFM-Feb-09-2026_16-16-54.pth
Mon 09 Feb 2026 16:17:35 INFO  epoch 31 training [time: 0.44s, train loss: -149061.8328]
Mon 09 Feb 2026 16:17:35 INFO  epoch 31 evaluating [time: 0.04s, valid_score: 0.500000]
Mon 09 Feb 2026 16:17:35 INFO  valid result: 
auc : 0.5    logloss : -97.6779
Mon 09 Feb 2026 16:17:35 INFO  Saving current: outputs/yelp/fwfm/FwFM-Feb-09-2026_16-16-54.pth
Mon 09 Feb 2026 16:17:35 INFO  epoch 32 training [time: 0.45s, train loss: -158277.5591]
Mon 09 Feb 2026 16:17:35 INFO  epoch 32 evaluating [time: 0.04s, valid_score: 0.500000]
Mon 09 Feb 2026 16:17:35 INFO  valid result: 
auc : 0.5    logloss : -97.6779
Mon 09 Feb 2026 16:17:35 INFO  Saving current: outputs/yelp/fwfm/FwFM-Feb-09-2026_16-16-54.pth
Mon 09 Feb 2026 16:17:36 INFO  epoch 33 training [time: 0.44s, train loss: -167580.1104]
Mon 09 Feb 2026 16:17:36 INFO  epoch 33 evaluating [time: 0.04s, valid_score: 0.500000]
Mon 09 Feb 2026 16:17:36 INFO  valid result: 
auc : 0.5    logloss : -97.6779
Mon 09 Feb 2026 16:17:36 INFO  Saving current: outputs/yelp/fwfm/FwFM-Feb-09-2026_16-16-54.pth
Mon 09 Feb 2026 16:17:36 INFO  epoch 34 training [time: 0.44s, train loss: -177257.5303]
Mon 09 Feb 2026 16:17:36 INFO  epoch 34 evaluating [time: 0.04s, valid_score: 0.500000]
Mon 09 Feb 2026 16:17:36 INFO  valid result: 
auc : 0.5    logloss : -97.6779
Mon 09 Feb 2026 16:17:36 INFO  Saving current: outputs/yelp/fwfm/FwFM-Feb-09-2026_16-16-54.pth
Mon 09 Feb 2026 16:17:37 INFO  epoch 35 training [time: 0.44s, train loss: -187143.7773]
Mon 09 Feb 2026 16:17:37 INFO  epoch 35 evaluating [time: 0.04s, valid_score: 0.500000]
Mon 09 Feb 2026 16:17:37 INFO  valid result: 
auc : 0.5    logloss : -97.6779
Mon 09 Feb 2026 16:17:37 INFO  Saving current: outputs/yelp/fwfm/FwFM-Feb-09-2026_16-16-54.pth
Mon 09 Feb 2026 16:17:38 INFO  epoch 36 training [time: 0.44s, train loss: -196944.7812]
Mon 09 Feb 2026 16:17:38 INFO  epoch 36 evaluating [time: 0.04s, valid_score: 0.500000]
Mon 09 Feb 2026 16:17:38 INFO  valid result: 
auc : 0.5    logloss : -97.6779
Mon 09 Feb 2026 16:17:38 INFO  Saving current: outputs/yelp/fwfm/FwFM-Feb-09-2026_16-16-54.pth
Mon 09 Feb 2026 16:17:38 INFO  epoch 37 training [time: 0.44s, train loss: -207320.2490]
Mon 09 Feb 2026 16:17:38 INFO  epoch 37 evaluating [time: 0.04s, valid_score: 0.500000]
Mon 09 Feb 2026 16:17:38 INFO  valid result: 
auc : 0.5    logloss : -97.6779
Mon 09 Feb 2026 16:17:38 INFO  Saving current: outputs/yelp/fwfm/FwFM-Feb-09-2026_16-16-54.pth
Mon 09 Feb 2026 16:17:39 INFO  epoch 38 training [time: 0.44s, train loss: -218051.1665]
Mon 09 Feb 2026 16:17:39 INFO  epoch 38 evaluating [time: 0.04s, valid_score: 0.500000]
Mon 09 Feb 2026 16:17:39 INFO  valid result: 
auc : 0.5    logloss : -97.6779
Mon 09 Feb 2026 16:17:39 INFO  Saving current: outputs/yelp/fwfm/FwFM-Feb-09-2026_16-16-54.pth
Mon 09 Feb 2026 16:17:39 INFO  epoch 39 training [time: 0.44s, train loss: -228587.9683]
Mon 09 Feb 2026 16:17:39 INFO  epoch 39 evaluating [time: 0.04s, valid_score: 0.500000]
Mon 09 Feb 2026 16:17:39 INFO  valid result: 
auc : 0.5    logloss : -97.6779
Mon 09 Feb 2026 16:17:39 INFO  Saving current: outputs/yelp/fwfm/FwFM-Feb-09-2026_16-16-54.pth
Mon 09 Feb 2026 16:17:40 INFO  epoch 40 training [time: 0.45s, train loss: -239668.2095]
Mon 09 Feb 2026 16:17:40 INFO  epoch 40 evaluating [time: 0.04s, valid_score: 0.500000]
Mon 09 Feb 2026 16:17:40 INFO  valid result: 
auc : 0.5    logloss : -97.6779
Mon 09 Feb 2026 16:17:40 INFO  Saving current: outputs/yelp/fwfm/FwFM-Feb-09-2026_16-16-54.pth
Mon 09 Feb 2026 16:17:40 INFO  epoch 41 training [time: 0.44s, train loss: -250879.0918]
Mon 09 Feb 2026 16:17:40 INFO  epoch 41 evaluating [time: 0.04s, valid_score: 0.500000]
Mon 09 Feb 2026 16:17:40 INFO  valid result: 
auc : 0.5    logloss : -97.6779
Mon 09 Feb 2026 16:17:41 INFO  Saving current: outputs/yelp/fwfm/FwFM-Feb-09-2026_16-16-54.pth
Mon 09 Feb 2026 16:17:41 INFO  epoch 42 training [time: 0.44s, train loss: -262158.5815]
Mon 09 Feb 2026 16:17:41 INFO  epoch 42 evaluating [time: 0.04s, valid_score: 0.500000]
Mon 09 Feb 2026 16:17:41 INFO  valid result: 
auc : 0.5    logloss : -97.6779
Mon 09 Feb 2026 16:17:41 INFO  Saving current: outputs/yelp/fwfm/FwFM-Feb-09-2026_16-16-54.pth
Mon 09 Feb 2026 16:17:42 INFO  epoch 43 training [time: 0.44s, train loss: -273729.1445]
Mon 09 Feb 2026 16:17:42 INFO  epoch 43 evaluating [time: 0.04s, valid_score: 0.500000]
Mon 09 Feb 2026 16:17:42 INFO  valid result: 
auc : 0.5    logloss : -97.6779
Mon 09 Feb 2026 16:17:42 INFO  Saving current: outputs/yelp/fwfm/FwFM-Feb-09-2026_16-16-54.pth
Mon 09 Feb 2026 16:17:42 INFO  epoch 44 training [time: 0.44s, train loss: -285786.7939]
Mon 09 Feb 2026 16:17:42 INFO  epoch 44 evaluating [time: 0.04s, valid_score: 0.500000]
Mon 09 Feb 2026 16:17:42 INFO  valid result: 
auc : 0.5    logloss : -97.6779
Mon 09 Feb 2026 16:17:42 INFO  Saving current: outputs/yelp/fwfm/FwFM-Feb-09-2026_16-16-54.pth
Mon 09 Feb 2026 16:17:43 INFO  epoch 45 training [time: 0.44s, train loss: -297846.5820]
Mon 09 Feb 2026 16:17:43 INFO  epoch 45 evaluating [time: 0.04s, valid_score: 0.500000]
Mon 09 Feb 2026 16:17:43 INFO  valid result: 
auc : 0.5    logloss : -97.6779
Mon 09 Feb 2026 16:17:43 INFO  Saving current: outputs/yelp/fwfm/FwFM-Feb-09-2026_16-16-54.pth
Mon 09 Feb 2026 16:17:43 INFO  epoch 46 training [time: 0.45s, train loss: -309722.1416]
Mon 09 Feb 2026 16:17:43 INFO  epoch 46 evaluating [time: 0.04s, valid_score: 0.500000]
Mon 09 Feb 2026 16:17:43 INFO  valid result: 
auc : 0.5    logloss : -97.6779
Mon 09 Feb 2026 16:17:44 INFO  Saving current: outputs/yelp/fwfm/FwFM-Feb-09-2026_16-16-54.pth
Mon 09 Feb 2026 16:17:44 INFO  epoch 47 training [time: 0.44s, train loss: -322171.0107]
Mon 09 Feb 2026 16:17:44 INFO  epoch 47 evaluating [time: 0.04s, valid_score: 0.500000]
Mon 09 Feb 2026 16:17:44 INFO  valid result: 
auc : 0.5    logloss : -97.6779
Mon 09 Feb 2026 16:17:44 INFO  Saving current: outputs/yelp/fwfm/FwFM-Feb-09-2026_16-16-54.pth
Mon 09 Feb 2026 16:17:45 INFO  epoch 48 training [time: 0.44s, train loss: -334844.1348]
Mon 09 Feb 2026 16:17:45 INFO  epoch 48 evaluating [time: 0.04s, valid_score: 0.500000]
Mon 09 Feb 2026 16:17:45 INFO  valid result: 
auc : 0.5    logloss : -97.6779
Mon 09 Feb 2026 16:17:45 INFO  Saving current: outputs/yelp/fwfm/FwFM-Feb-09-2026_16-16-54.pth
Mon 09 Feb 2026 16:17:45 INFO  epoch 49 training [time: 0.44s, train loss: -347511.9189]
Mon 09 Feb 2026 16:17:45 INFO  epoch 49 evaluating [time: 0.04s, valid_score: 0.500000]
Mon 09 Feb 2026 16:17:45 INFO  valid result: 
auc : 0.5    logloss : -97.6779
Mon 09 Feb 2026 16:17:45 INFO  Saving current: outputs/yelp/fwfm/FwFM-Feb-09-2026_16-16-54.pth
Mon 09 Feb 2026 16:17:45 INFO  Loading model structure and parameters from outputs/yelp/fwfm/FwFM-Feb-09-2026_16-16-54.pth
Mon 09 Feb 2026 16:17:46 INFO  The running environment of this training is as follows:
+-------------+------------------+
| Environment |      Usage       |
+=============+==================+
| CPU         |      0.20 %      |
+-------------+------------------+
| GPU         |  0.94 G/23.56 G  |
+-------------+------------------+
| Memory      | 1.75 G/1006.54 G |
+-------------+------------------+
Mon 09 Feb 2026 16:17:46 INFO  best valid : OrderedDict([('auc', 0.5), ('logloss', -97.6779)])
Mon 09 Feb 2026 16:17:46 INFO  test result: OrderedDict([('auc', 0.5), ('logloss', -103.225)])
